Archive member included to satisfy reference by file (symbol)

/usr/local/Cellar/arm-none-eabi-gcc/9-2019-q4-major/gcc/bin/../lib/gcc/arm-none-eabi/9.2.1/thumb/v7e-m+fp/hard/libgcc.a(_arm_muldf3.o)
                              CMakeFiles/shield.dir/main.cpp.obj (__aeabi_dmul)
/usr/local/Cellar/arm-none-eabi-gcc/9-2019-q4-major/gcc/bin/../lib/gcc/arm-none-eabi/9.2.1/thumb/v7e-m+fp/hard/libgcc.a(_arm_addsubdf3.o)
                              CMakeFiles/shield.dir/main.cpp.obj (__aeabi_dsub)
/usr/local/Cellar/arm-none-eabi-gcc/9-2019-q4-major/gcc/bin/../lib/gcc/arm-none-eabi/9.2.1/thumb/v7e-m+fp/hard/libgcc.a(_arm_muldivdf3.o)
                              CMakeFiles/shield.dir/main.cpp.obj (__aeabi_ddiv)
/usr/local/Cellar/arm-none-eabi-gcc/9-2019-q4-major/gcc/bin/../lib/gcc/arm-none-eabi/9.2.1/thumb/v7e-m+fp/hard/libgcc.a(_arm_fixdfsi.o)
                              CMakeFiles/shield.dir/main.cpp.obj (__aeabi_d2iz)
/usr/local/Cellar/arm-none-eabi-gcc/9-2019-q4-major/gcc/bin/../lib/gcc/arm-none-eabi/9.2.1/thumb/v7e-m+fp/hard/libgcc.a(_arm_fixunsdfsi.o)
                              CMakeFiles/shield.dir/main.cpp.obj (__aeabi_d2uiz)
/usr/local/Cellar/arm-none-eabi-gcc/9-2019-q4-major/gcc/bin/../lib/gcc/arm-none-eabi/9.2.1/thumb/v7e-m+fp/hard/libgcc.a(_arm_truncdfsf2.o)
                              CMakeFiles/shield.dir/main.cpp.obj (__aeabi_d2f)
/usr/local/Cellar/arm-none-eabi-gcc/9-2019-q4-major/gcc/bin/../lib/gcc/arm-none-eabi/9.2.1/thumb/v7e-m+fp/hard/libgcc.a(_aeabi_ldivmod.o)
                              CMakeFiles/shield.dir/utils/ustdlib.c.obj (__aeabi_ldivmod)
/usr/local/Cellar/arm-none-eabi-gcc/9-2019-q4-major/gcc/bin/../lib/gcc/arm-none-eabi/9.2.1/thumb/v7e-m+fp/hard/libgcc.a(_udivmoddi4.o)
                              /usr/local/Cellar/arm-none-eabi-gcc/9-2019-q4-major/gcc/bin/../lib/gcc/arm-none-eabi/9.2.1/thumb/v7e-m+fp/hard/libgcc.a(_aeabi_ldivmod.o) (__udivmoddi4)
/usr/local/Cellar/arm-none-eabi-gcc/9-2019-q4-major/gcc/bin/../lib/gcc/arm-none-eabi/9.2.1/thumb/v7e-m+fp/hard/libgcc.a(_dvmd_tls.o)
                              /usr/local/Cellar/arm-none-eabi-gcc/9-2019-q4-major/gcc/bin/../lib/gcc/arm-none-eabi/9.2.1/thumb/v7e-m+fp/hard/libgcc.a(_aeabi_ldivmod.o) (__aeabi_ldiv0)
/usr/local/Cellar/arm-none-eabi-gcc/9-2019-q4-major/gcc/bin/../lib/gcc/arm-none-eabi/9.2.1/../../../../arm-none-eabi/lib/thumb/v7e-m+fp/hard/libstdc++.a(del_op.o)
                              CMakeFiles/shield.dir/main.cpp.obj (operator delete(void*))
/usr/local/Cellar/arm-none-eabi-gcc/9-2019-q4-major/gcc/bin/../lib/gcc/arm-none-eabi/9.2.1/../../../../arm-none-eabi/lib/thumb/v7e-m+fp/hard/libstdc++.a(new_op.o)
                              CMakeFiles/shield.dir/control.cpp.obj (operator new(unsigned int))
/usr/local/Cellar/arm-none-eabi-gcc/9-2019-q4-major/gcc/bin/../lib/gcc/arm-none-eabi/9.2.1/../../../../arm-none-eabi/lib/thumb/v7e-m+fp/hard/libstdc++.a(bad_alloc.o)
                              /usr/local/Cellar/arm-none-eabi-gcc/9-2019-q4-major/gcc/bin/../lib/gcc/arm-none-eabi/9.2.1/../../../../arm-none-eabi/lib/thumb/v7e-m+fp/hard/libstdc++.a(new_op.o) (std::bad_alloc::~bad_alloc())
/usr/local/Cellar/arm-none-eabi-gcc/9-2019-q4-major/gcc/bin/../lib/gcc/arm-none-eabi/9.2.1/../../../../arm-none-eabi/lib/thumb/v7e-m+fp/hard/libstdc++.a(del_ops.o)
                              /usr/local/Cellar/arm-none-eabi-gcc/9-2019-q4-major/gcc/bin/../lib/gcc/arm-none-eabi/9.2.1/../../../../arm-none-eabi/lib/thumb/v7e-m+fp/hard/libstdc++.a(bad_alloc.o) (operator delete(void*, unsigned int))
/usr/local/Cellar/arm-none-eabi-gcc/9-2019-q4-major/gcc/bin/../lib/gcc/arm-none-eabi/9.2.1/../../../../arm-none-eabi/lib/thumb/v7e-m+fp/hard/libstdc++.a(eh_alloc.o)
                              /usr/local/Cellar/arm-none-eabi-gcc/9-2019-q4-major/gcc/bin/../lib/gcc/arm-none-eabi/9.2.1/../../../../arm-none-eabi/lib/thumb/v7e-m+fp/hard/libstdc++.a(new_op.o) (__cxa_allocate_exception)
/usr/local/Cellar/arm-none-eabi-gcc/9-2019-q4-major/gcc/bin/../lib/gcc/arm-none-eabi/9.2.1/../../../../arm-none-eabi/lib/thumb/v7e-m+fp/hard/libstdc++.a(eh_exception.o)
                              /usr/local/Cellar/arm-none-eabi-gcc/9-2019-q4-major/gcc/bin/../lib/gcc/arm-none-eabi/9.2.1/../../../../arm-none-eabi/lib/thumb/v7e-m+fp/hard/libstdc++.a(bad_alloc.o) (std::exception::~exception())
/usr/local/Cellar/arm-none-eabi-gcc/9-2019-q4-major/gcc/bin/../lib/gcc/arm-none-eabi/9.2.1/../../../../arm-none-eabi/lib/thumb/v7e-m+fp/hard/libstdc++.a(eh_terminate.o)
                              /usr/local/Cellar/arm-none-eabi-gcc/9-2019-q4-major/gcc/bin/../lib/gcc/arm-none-eabi/9.2.1/../../../../arm-none-eabi/lib/thumb/v7e-m+fp/hard/libstdc++.a(eh_alloc.o) (std::terminate())
/usr/local/Cellar/arm-none-eabi-gcc/9-2019-q4-major/gcc/bin/../lib/gcc/arm-none-eabi/9.2.1/../../../../arm-none-eabi/lib/thumb/v7e-m+fp/hard/libstdc++.a(eh_throw.o)
[...]
Memory Configuration

Name             Origin             Length             Attributes
FLASH            0x0000000000000000 0x0000000000100000 xr
SRAM             0x0000000020000000 0x0000000000040000 xrw
*default*        0x0000000000000000 0xffffffffffffffff

Linker script and memory map

LOAD /usr/local/Cellar/arm-none-eabi-gcc/9-2019-q4-major/gcc/bin/../lib/gcc/arm-none-eabi/9.2.1/thumb/v7e-m+fp/hard/crti.o
LOAD /usr/local/Cellar/arm-none-eabi-gcc/9-2019-q4-major/gcc/bin/../lib/gcc/arm-none-eabi/9.2.1/thumb/v7e-m+fp/hard/crtbegin.o
LOAD /usr/local/Cellar/arm-none-eabi-gcc/9-2019-q4-major/gcc/bin/../lib/gcc/arm-none-eabi/9.2.1/../../../../arm-none-eabi/lib/thumb/v7e-m+fp/hard/crt0.o
LOAD CMakeFiles/shield.dir/config.cpp.obj
LOAD CMakeFiles/shield.dir/control.cpp.obj
LOAD CMakeFiles/shield.dir/main.cpp.obj
LOAD CMakeFiles/shield.dir/manufacturer.cpp.obj
LOAD CMakeFiles/shield.dir/mcp9600.cpp.obj
LOAD CMakeFiles/shield.dir/motion.cpp.obj
LOAD CMakeFiles/shield.dir/optical.cpp.obj
LOAD CMakeFiles/shield.dir/startup_gcc.cpp.obj
LOAD CMakeFiles/shield.dir/utils/uartstdio.c.obj
LOAD CMakeFiles/shield.dir/utils/ustdlib.c.obj
LOAD /usr/local/Cellar/arm-none-eabi-gcc/9-2019-q4-major/gcc/bin/../lib/gcc/arm-none-eabi/9.2.1/thumb/v7e-m+fp/hard/libgcc.a
LOAD /usr/local/Cellar/arm-none-eabi-gcc/9-2019-q4-major/gcc/bin/../lib/gcc/arm-none-eabi/9.2.1/../../../../arm-none-eabi/lib/thumb/v7e-m+fp/hard/libstdc++.a
LOAD /Users/ketos/workspaces/shield_3/Shield-MCU-3.0_gcc/driverlib/build/libdriver.a
LOAD /usr/local/Cellar/arm-none-eabi-gcc/9-2019-q4-major/gcc/bin/../lib/gcc/arm-none-eabi/9.2.1/../../../../arm-none-eabi/lib/thumb/v7e-m+fp/hard/librdimon.a
LOAD /usr/local/Cellar/arm-none-eabi-gcc/9-2019-q4-major/gcc/bin/../lib/gcc/arm-none-eabi/9.2.1/../../../../arm-none-eabi/lib/thumb/v7e-m+fp/hard/libstdc++.a
LOAD /usr/local/Cellar/arm-none-eabi-gcc/9-2019-q4-major/gcc/bin/../lib/gcc/arm-none-eabi/9.2.1/../../../../arm-none-eabi/lib/thumb/v7e-m+fp/hard/libm.a
LOAD /usr/local/Cellar/arm-none-eabi-gcc/9-2019-q4-major/gcc/bin/../lib/gcc/arm-none-eabi/9.2.1/../../../../arm-none-eabi/lib/thumb/v7e-m+fp/hard/libc.a
START GROUP
LOAD /usr/local/Cellar/arm-none-eabi-gcc/9-2019-q4-major/gcc/bin/../lib/gcc/arm-none-eabi/9.2.1/thumb/v7e-m+fp/hard/libgcc.a
LOAD /usr/local/Cellar/arm-none-eabi-gcc/9-2019-q4-major/gcc/bin/../lib/gcc/arm-none-eabi/9.2.1/../../../../arm-none-eabi/lib/thumb/v7e-m+fp/hard/libg.a
LOAD /usr/local/Cellar/arm-none-eabi-gcc/9-2019-q4-major/gcc/bin/../lib/gcc/arm-none-eabi/9.2.1/../../../../arm-none-eabi/lib/thumb/v7e-m+fp/hard/libc.a
END GROUP
START GROUP
LOAD /usr/local/Cellar/arm-none-eabi-gcc/9-2019-q4-major/gcc/bin/../lib/gcc/arm-none-eabi/9.2.1/thumb/v7e-m+fp/hard/libgcc.a
LOAD /usr/local/Cellar/arm-none-eabi-gcc/9-2019-q4-major/gcc/bin/../lib/gcc/arm-none-eabi/9.2.1/../../../../arm-none-eabi/lib/thumb/v7e-m+fp/hard/libc.a
LOAD /usr/local/Cellar/arm-none-eabi-gcc/9-2019-q4-major/gcc/bin/../lib/gcc/arm-none-eabi/9.2.1/../../../../arm-none-eabi/lib/thumb/v7e-m+fp/hard/libnosys.a
END GROUP
LOAD /usr/local/Cellar/arm-none-eabi-gcc/9-2019-q4-major/gcc/bin/../lib/gcc/arm-none-eabi/9.2.1/thumb/v7e-m+fp/hard/crtend.o
LOAD /usr/local/Cellar/arm-none-eabi-gcc/9-2019-q4-major/gcc/bin/../lib/gcc/arm-none-eabi/9.2.1/thumb/v7e-m+fp/hard/crtn.o
                0x0000000020040000                SRAM_TOP = 0x20040000

.isr_vector     0x0000000000000000      0x200
                0x0000000000000000                . = ALIGN (0x4)
 *(.isr_vector)
 .isr_vector    0x0000000000000000      0x200 CMakeFiles/shield.dir/startup_gcc.cpp.obj
                0x0000000000000200                . = ALIGN (0x4)

.text           0x0000000000000200    0x239f4
                0x0000000000000200                . = ALIGN (0x4)
                0x0000000000000200                __section_table_start = .
                0x0000000000000200                __data_section_table = .
                0x0000000000000200        0x4 LONG 0x23ea0 LOADADDR (.data)
                0x0000000000000204        0x4 LONG 0x20000000 ADDR (.data)
                0x0000000000000208        0x4 LONG 0x9e0 SIZEOF (.data)
                0x000000000000020c                __data_section_table_end = .
                0x000000000000020c                __bss_section_table = .
                0x000000000000020c        0x4 LONG 0x200009e0 ADDR (.bss)
                0x0000000000000210        0x4 LONG 0x4d0 SIZEOF (.bss)
                0x0000000000000214                __bss_section_table_end = .
                0x0000000000000214                __section_table_end = .
 *(.after_vectors*)
 *(.text*)
 .text._Z11configUART0v
                0x0000000000000214       0x60 CMakeFiles/shield.dir/config.cpp.obj
                0x0000000000000214                configUART0()
 .text._Z9InitPortsv
                0x0000000000000274      0xf58 CMakeFiles/shield.dir/config.cpp.obj
                0x0000000000000274                InitPorts()
 .text.sendPacket
                0x00000000000011cc       0x54 CMakeFiles/shield.dir/control.cpp.obj
                0x00000000000011cc                sendPacket
 .text._Z10initMotionv
                0x0000000000001220      0x308 CMakeFiles/shield.dir/control.cpp.obj
                0x0000000000001220                initMotion()
 .text._Z9moveXAxisl
                0x0000000000001528       0x48 CMakeFiles/shield.dir/control.cpp.obj
                0x0000000000001528                moveXAxis(long)
 .text._Z9moveYAxisl
                0x0000000000001570       0x58 CMakeFiles/shield.dir/control.cpp.obj
                0x0000000000001570                moveYAxis(long)
 .text._Z9moveDAxisl
                0x00000000000015c8       0x48 CMakeFiles/shield.dir/control.cpp.obj
                0x00000000000015c8                moveDAxis(long)
 .text._Z9moveZAxisl
                0x0000000000001610       0x48 CMakeFiles/shield.dir/control.cpp.obj
                0x0000000000001610                moveZAxis(long)
 .text._Z9moveCAxisl
                0x0000000000001658       0x48 CMakeFiles/shield.dir/control.cpp.obj
                0x0000000000001658                moveCAxis(long)
 .text._Z7getXabsv
                0x00000000000016a0       0x18 CMakeFiles/shield.dir/control.cpp.obj
                0x00000000000016a0                getXabs()
 .text._Z7getYabsv
                0x00000000000016b8       0x18 CMakeFiles/shield.dir/control.cpp.obj
                0x00000000000016b8                getYabs()
 .text._Z9moveXHomev
                0x00000000000016d0      0x170 CMakeFiles/shield.dir/control.cpp.obj
                0x00000000000016d0                moveXHome()
 .text._Z9moveYHomev
                0x0000000000001840      0x198 CMakeFiles/shield.dir/control.cpp.obj
                0x0000000000001840                moveYHome()
 .text._Z9moveDHomev
                0x00000000000019d8       0xd0 CMakeFiles/shield.dir/control.cpp.obj
                0x00000000000019d8                moveDHome()
 .text._Z9moveZHomev
                0x0000000000001aa8      0x17c CMakeFiles/shield.dir/control.cpp.obj
                0x0000000000001aa8                moveZHome()
 .text._Z9moveCHomev
                0x0000000000001c24      0x154 CMakeFiles/shield.dir/control.cpp.obj
                0x0000000000001c24                moveCHome()
 .text._Z11resetMotionv
                0x0000000000001d78       0x3c CMakeFiles/shield.dir/control.cpp.obj
                0x0000000000001d78                resetMotion()
 .text._Z16recoverStuckAxisP6Motion
                0x0000000000001db4       0xcc CMakeFiles/shield.dir/control.cpp.obj
                0x0000000000001db4                recoverStuckAxis(Motion*)
 .text._ZN7optical9dataReadyEm
                0x0000000000001e80       0x2c CMakeFiles/shield.dir/main.cpp.obj
                0x0000000000001e80                optical::dataReady(unsigned long)
 .text._ZN7optical15readTemperatureEm
                0x0000000000001eac       0x1e CMakeFiles/shield.dir/main.cpp.obj
                0x0000000000001eac                optical::readTemperature(unsigned long)
 *fill*         0x0000000000001eca        0x2 
 .text._Z28enable_portM_rising_edge_IRQv
                0x0000000000001ecc       0x54 CMakeFiles/shield.dir/main.cpp.obj
                0x0000000000001ecc                enable_portM_rising_edge_IRQ()
 .text._Z29disable_portM_rising_edge_IRQv
                0x0000000000001f20       0x58 CMakeFiles/shield.dir/main.cpp.obj
                0x0000000000001f20                disable_portM_rising_edge_IRQ()
 .text._Z28portM_Rising_Edge_IRQHandlerv
                0x0000000000001f78       0x84 CMakeFiles/shield.dir/main.cpp.obj
                0x0000000000001f78                portM_Rising_Edge_IRQHandler()
 .text._Z21i2c_write_single_bytemhh
                0x0000000000001ffc       0x44 CMakeFiles/shield.dir/main.cpp.obj
                0x0000000000001ffc                i2c_write_single_byte(unsigned long, unsigned char, unsigned char)
 .text._Z20i2c_write_first_bytemhh
                0x0000000000002040       0x36 CMakeFiles/shield.dir/main.cpp.obj
                0x0000000000002040                i2c_write_first_byte(unsigned long, unsigned char, unsigned char)
 .text._Z19i2c_write_next_bytemh
                0x0000000000002076       0x4a CMakeFiles/shield.dir/main.cpp.obj
                0x0000000000002076                i2c_write_next_byte(unsigned long, unsigned char)
 .text._Z20i2c_write_final_bytemh
                0x00000000000020c0       0x6e CMakeFiles/shield.dir/main.cpp.obj
                0x00000000000020c0                i2c_write_final_byte(unsigned long, unsigned char)
 .text._Z23i2c_wait_for_read_readym
                0x000000000000212e       0x32 CMakeFiles/shield.dir/main.cpp.obj
                0x000000000000212e                i2c_wait_for_read_ready(unsigned long)
 .text._Z19i2c_send_cmd_stringmhPKc
                0x0000000000002160       0xec CMakeFiles/shield.dir/main.cpp.obj
                0x0000000000002160                i2c_send_cmd_string(unsigned long, unsigned char, char const*)
 .text._Z24i2c_read_response_stringmhPc
                0x000000000000224c      0x140 CMakeFiles/shield.dir/main.cpp.obj
                0x000000000000224c                i2c_read_response_string(unsigned long, unsigned char, char*)
 .text._Z12i2c_get_datamhhPKc
                0x000000000000238c      0x100 CMakeFiles/shield.dir/main.cpp.obj
                0x000000000000238c                i2c_get_data(unsigned long, unsigned char, unsigned char, char const*)
 .text.main     0x000000000000248c     0x120c CMakeFiles/shield.dir/main.cpp.obj
                0x000000000000248c                main
 .text._Z20fwu_gpio_int_handlerv
                0x0000000000003698       0xe8 CMakeFiles/shield.dir/main.cpp.obj
                0x0000000000003698                fwu_gpio_int_handler()
 .text._Z14runStarSensingiiiiiiiiiiiiiiii
                0x0000000000003780      0xf40 CMakeFiles/shield.dir/main.cpp.obj
                0x0000000000003780                runStarSensing(int, int, int, int, int, int, int, int, int, int, int, int, int, int, int, int)
 .text._Z8blackBoxv
                0x00000000000046c0      0x854 CMakeFiles/shield.dir/main.cpp.obj
                0x00000000000046c0                blackBox()
 .text._Z15runSpectrometerm
                0x0000000000004f14      0x23c CMakeFiles/shield.dir/main.cpp.obj
                0x0000000000004f14                runSpectrometer(unsigned long)
 .text._Z14resetPositionsv
                0x0000000000005150       0xd8 CMakeFiles/shield.dir/main.cpp.obj
                0x0000000000005150                resetPositions()
 .text._Z13runAlkalinityv
                0x0000000000005228      0x4e8 CMakeFiles/shield.dir/main.cpp.obj
                0x0000000000005228                runAlkalinity()
 .text._Z14addFluidForALKh
                0x0000000000005710       0x8c CMakeFiles/shield.dir/main.cpp.obj
                0x0000000000005710                addFluidForALK(unsigned char)
 .text._Z19sensorModuleAdvancev
                0x000000000000579c      0x148 CMakeFiles/shield.dir/main.cpp.obj
                0x000000000000579c                sensorModuleAdvance()
 .text._Z10waitTimer1m
                0x00000000000058e4       0x58 CMakeFiles/shield.dir/main.cpp.obj
                0x00000000000058e4                waitTimer1(unsigned long)
 .text._Z16Timer1IntHandlerv
                0x000000000000593c       0x8c CMakeFiles/shield.dir/main.cpp.obj
                0x000000000000593c                Timer1IntHandler()
 .text._Z10waitTimer0m
                0x00000000000059c8       0x58 CMakeFiles/shield.dir/main.cpp.obj
                0x00000000000059c8                waitTimer0(unsigned long)
 .text._Z16Timer0IntHandlerv
                0x0000000000005a20       0x8c CMakeFiles/shield.dir/main.cpp.obj
                0x0000000000005a20                Timer0IntHandler()
 .text._Z10waitTimer2m
                0x0000000000005aac       0x68 CMakeFiles/shield.dir/main.cpp.obj
                0x0000000000005aac                waitTimer2(unsigned long)
 .text._Z16Timer2IntHandlerv
                0x0000000000005b14       0x28 CMakeFiles/shield.dir/main.cpp.obj
                0x0000000000005b14                Timer2IntHandler()
 .text._Z21enable_waitTimer3_i2cm
                0x0000000000005b3c       0x70 CMakeFiles/shield.dir/main.cpp.obj
                0x0000000000005b3c                enable_waitTimer3_i2c(unsigned long)
 .text._Z22disable_waitTimer3_i2cm
                0x0000000000005bac       0x4c CMakeFiles/shield.dir/main.cpp.obj
                0x0000000000005bac                disable_waitTimer3_i2c(unsigned long)
 .text._Z15toggle_scl_linem
                0x0000000000005bf8      0x198 CMakeFiles/shield.dir/main.cpp.obj
                0x0000000000005bf8                toggle_scl_line(unsigned long)
 .text._Z21get_i2c_sensor_stringmhh
                0x0000000000005d90       0x9c CMakeFiles/shield.dir/main.cpp.obj
                0x0000000000005d90                get_i2c_sensor_string(unsigned long, unsigned char, unsigned char)
 .text._Z26get_i2c_sensor_device_codemhh
                0x0000000000005e2c       0xc8 CMakeFiles/shield.dir/main.cpp.obj
                0x0000000000005e2c                get_i2c_sensor_device_code(unsigned long, unsigned char, unsigned char)
 .text._Z16Timer3IntHandlerv
                0x0000000000005ef4       0xf8 CMakeFiles/shield.dir/main.cpp.obj
                0x0000000000005ef4                Timer3IntHandler()
 .text._Z13enable_Timer4m
                0x0000000000005fec       0x4c CMakeFiles/shield.dir/main.cpp.obj
                0x0000000000005fec                enable_Timer4(unsigned long)
 .text._Z14disable_Timer4v
                0x0000000000006038       0x2c CMakeFiles/shield.dir/main.cpp.obj
                0x0000000000006038                disable_Timer4()
 .text._Z16Timer4IntHandlerv
                0x0000000000006064       0x80 CMakeFiles/shield.dir/main.cpp.obj
                0x0000000000006064                Timer4IntHandler()
 .text._Z16Timer5IntHandlerv
                0x00000000000060e4       0x20 CMakeFiles/shield.dir/main.cpp.obj
                0x00000000000060e4                Timer5IntHandler()
 .text._Z7openLIDv
                0x0000000000006104      0x1f4 CMakeFiles/shield.dir/main.cpp.obj
                0x0000000000006104                openLID()
 .text._Z8closeLIDv
                0x00000000000062f8      0x1f4 CMakeFiles/shield.dir/main.cpp.obj
                0x00000000000062f8                closeLID()
 .text._Z6getADCv
                0x00000000000064ec       0x94 CMakeFiles/shield.dir/main.cpp.obj
                0x00000000000064ec                getADC()
 .text._Z12spiReadwritePht
                0x0000000000006580       0xa4 CMakeFiles/shield.dir/main.cpp.obj
                0x0000000000006580                spiReadwrite(unsigned char*, unsigned short)
 .text._Z6setDACj
                0x0000000000006624       0x58 CMakeFiles/shield.dir/main.cpp.obj
                0x0000000000006624                setDAC(unsigned int)
 .text._Z17flushElectrolytesv
                0x000000000000667c       0x34 CMakeFiles/shield.dir/main.cpp.obj
                0x000000000000667c                flushElectrolytes()
 .text._Z9enablePotv
                0x00000000000066b0       0x28 CMakeFiles/shield.dir/main.cpp.obj
                0x00000000000066b0                enablePot()
 .text._Z10disablePotv
                0x00000000000066d8       0x20 CMakeFiles/shield.dir/main.cpp.obj
                0x00000000000066d8                disablePot()
 .text._Z15UART6IntHandlerv
                0x00000000000066f8      0xcc0 CMakeFiles/shield.dir/main.cpp.obj
                0x00000000000066f8                UART6IntHandler()
 .text._Z8getALKpHv
                0x00000000000073b8      0x1c0 CMakeFiles/shield.dir/main.cpp.obj
                0x00000000000073b8                getALKpH()
 .text._Z10sendPacketPc
                0x0000000000007578       0x54 CMakeFiles/shield.dir/main.cpp.obj
                0x0000000000007578                sendPacket(char*)
 .text._Z28update_shield_display_bufferPh
                0x00000000000075cc       0xa8 CMakeFiles/shield.dir/main.cpp.obj
                0x00000000000075cc                update_shield_display_buffer(unsigned char*)
 .text._Z23write_to_display_bufferPch
                0x0000000000007674       0x90 CMakeFiles/shield.dir/main.cpp.obj
                0x0000000000007674                write_to_display_buffer(char*, unsigned char)
 *fill*         0x0000000000007704        0x4 
 .text._Z9getVolumev
                0x0000000000007708      0x12c CMakeFiles/shield.dir/main.cpp.obj
                0x0000000000007708                getVolume()
 .text._Z16getInletPressurev
                0x0000000000007834       0x90 CMakeFiles/shield.dir/main.cpp.obj
                0x0000000000007834                getInletPressure()
 *fill*         0x00000000000078c4        0x4 
 .text._Z14getWasteVolumev
                0x00000000000078c8      0x118 CMakeFiles/shield.dir/main.cpp.obj
                0x00000000000078c8                getWasteVolume()
 .text._Z11readSensorsi
                0x00000000000079e0      0x3ac CMakeFiles/shield.dir/main.cpp.obj
                0x00000000000079e0                readSensors(int)
 .text._Z18getwhiteboxSensorsPc
                0x0000000000007d8c      0x1c8 CMakeFiles/shield.dir/main.cpp.obj
                0x0000000000007d8c                getwhiteboxSensors(char*)
 .text._Z15getFluidVolumesv
                0x0000000000007f54      0x338 CMakeFiles/shield.dir/main.cpp.obj
                0x0000000000007f54                getFluidVolumes()
 .text._Z10loadSamplej
                0x000000000000828c      0x1c0 CMakeFiles/shield.dir/main.cpp.obj
                0x000000000000828c                loadSample(unsigned int)
 .text._Z9loadRinsev
                0x000000000000844c      0x14c CMakeFiles/shield.dir/main.cpp.obj
                0x000000000000844c                loadRinse()
 .text._Z12clearDisplayv
                0x0000000000008598       0x44 CMakeFiles/shield.dir/main.cpp.obj
                0x0000000000008598                clearDisplay()
 .text._Z15dischargeSamplev
                0x00000000000085dc       0xb4 CMakeFiles/shield.dir/main.cpp.obj
                0x00000000000085dc                dischargeSample()
 .text._Z14dischargeRinsev
                0x0000000000008690       0x84 CMakeFiles/shield.dir/main.cpp.obj
                0x0000000000008690                dischargeRinse()
 .text._Z8mixFLUIDjj
                0x0000000000008714      0x50c CMakeFiles/shield.dir/main.cpp.obj
                0x0000000000008714                mixFLUID(unsigned int, unsigned int)
 .text._Z9loadFluidj
                0x0000000000008c20       0xd4 CMakeFiles/shield.dir/main.cpp.obj
                0x0000000000008c20                loadFluid(unsigned int)
 .text._Z9dropFluidi
                0x0000000000008cf4       0xac CMakeFiles/shield.dir/main.cpp.obj
                0x0000000000008cf4                dropFluid(int)
 .text._Z8cleanPIPv
                0x0000000000008da0      0x100 CMakeFiles/shield.dir/main.cpp.obj
                0x0000000000008da0                cleanPIP()
 .text._Z13displayStringPh
                0x0000000000008ea0       0x7e CMakeFiles/shield.dir/main.cpp.obj
                0x0000000000008ea0                displayString(unsigned char*)
 *fill*         0x0000000000008f1e        0x2 
 .text._Z7outBytehh
                0x0000000000008f20       0x78 CMakeFiles/shield.dir/main.cpp.obj
                0x0000000000008f20                outByte(unsigned char, unsigned char)
 .text._Z9clearUARTv
                0x0000000000008f98       0x3c CMakeFiles/shield.dir/main.cpp.obj
                0x0000000000008f98                clearUART()
 .text._Z11updateFlashv
                0x0000000000008fd4       0xf4 CMakeFiles/shield.dir/main.cpp.obj
                0x0000000000008fd4                updateFlash()
 .text._Z25deactivate_all_componentsv
                0x00000000000090c8      0x140 CMakeFiles/shield.dir/main.cpp.obj
                0x00000000000090c8                deactivate_all_components()
 .text._Z18report_fatal_errorPc
                0x0000000000009208       0x5c CMakeFiles/shield.dir/main.cpp.obj
                0x0000000000009208                report_fatal_error(char*)
 .text._Z14lidActionRetryi
                0x0000000000009264      0x60c CMakeFiles/shield.dir/main.cpp.obj
                0x0000000000009264                lidActionRetry(int)
 .text._Z7str2intPiPci
                0x0000000000009870       0xae CMakeFiles/shield.dir/main.cpp.obj
                0x0000000000009870                str2int(int*, char*, int)
 .text._Z30update_configurable_parametersPiPcii
                0x000000000000991e       0x36 CMakeFiles/shield.dir/main.cpp.obj
                0x000000000000991e                update_configurable_parameters(int*, char*, int, int)
 .text._Z13pump_inlet_onv
                0x0000000000009954       0x4c CMakeFiles/shield.dir/main.cpp.obj
                0x0000000000009954                pump_inlet_on()
 .text._Z14pump_inlet_offv
                0x00000000000099a0       0x28 CMakeFiles/shield.dir/main.cpp.obj
                0x00000000000099a0                pump_inlet_off()
 .text._Z13pump_waste_onv
                0x00000000000099c8       0x2c CMakeFiles/shield.dir/main.cpp.obj
                0x00000000000099c8                pump_waste_on()
 .text._Z14pump_waste_offv
                0x00000000000099f4       0x28 CMakeFiles/shield.dir/main.cpp.obj
                0x00000000000099f4                pump_waste_off()
 .text._ZSt4ceilIiEN9__gnu_cxx11__enable_ifIXsrSt12__is_integerIT_E7__valueEdE6__typeES3_
                0x0000000000009a1c       0x24 CMakeFiles/shield.dir/main.cpp.obj
                0x0000000000009a1c                __gnu_cxx::__enable_if<std::__is_integer<int>::__value, double>::__type std::ceil<int>(int)
 .text._Z4testi
                0x0000000000009a40     0x1bf0 CMakeFiles/shield.dir/manufacturer.cpp.obj
                0x0000000000009a40                test(int)
 .text._ZN7MCP9600C2Eh
                0x000000000000b630       0x20 CMakeFiles/shield.dir/mcp9600.cpp.obj
                0x000000000000b630                MCP9600::MCP9600(unsigned char)
                0x000000000000b630                MCP9600::MCP9600(unsigned char)
 .text._ZN7MCP96004InitEm
                0x000000000000b650      0x14c CMakeFiles/shield.dir/mcp9600.cpp.obj
                0x000000000000b650                MCP9600::Init(unsigned long)
 *fill*         0x000000000000b79c        0x4 
 .text._ZN7MCP960014getTemperatureEm
                0x000000000000b7a0      0x294 CMakeFiles/shield.dir/mcp9600.cpp.obj
                0x000000000000b7a0                MCP9600::getTemperature(unsigned long)
 .text._ZN7MCP960018waitTempConversionEm
                0x000000000000ba34      0x118 CMakeFiles/shield.dir/mcp9600.cpp.obj
                0x000000000000ba34                MCP9600::waitTempConversion(unsigned long)
 .text._ZN7MCP960019clearTempConversionEm
                0x000000000000bb4c      0x104 CMakeFiles/shield.dir/mcp9600.cpp.obj
                0x000000000000bb4c                MCP9600::clearTempConversion(unsigned long)
 .text._ZN6MotionC2Ehffff
                0x000000000000bc50       0x70 CMakeFiles/shield.dir/motion.cpp.obj
                0x000000000000bc50                Motion::Motion(unsigned char, float, float, float, float)
                0x000000000000bc50                Motion::Motion(unsigned char, float, float, float, float)
 .text._ZN6Motion4InitEv
                0x000000000000bcc0      0x19c CMakeFiles/shield.dir/motion.cpp.obj
                0x000000000000bcc0                Motion::Init()
 .text._ZN6Motion12ssiReadwriteEPc
                0x000000000000be5c      0x178 CMakeFiles/shield.dir/motion.cpp.obj
                0x000000000000be5c                Motion::ssiReadwrite(char*)
 .text._ZN6Motion10waitMotionEv
                0x000000000000bfd4       0x28 CMakeFiles/shield.dir/motion.cpp.obj
                0x000000000000bfd4                Motion::waitMotion()
 .text._ZN6Motion12getMotionSPIEv
                0x000000000000bffc       0x5a CMakeFiles/shield.dir/motion.cpp.obj
                0x000000000000bffc                Motion::getMotionSPI()
 *fill*         0x000000000000c056        0x2 
 .text._ZN6Motion17moveToDestinationEl
                0x000000000000c058       0x70 CMakeFiles/shield.dir/motion.cpp.obj
                0x000000000000c058                Motion::moveToDestination(long)
 .text._ZN6Motion9getStatusEv
                0x000000000000c0c8       0x5a CMakeFiles/shield.dir/motion.cpp.obj
                0x000000000000c0c8                Motion::getStatus()
 *fill*         0x000000000000c122        0x6 
 .text._ZN6Motion11setMaxSpeedEv
                0x000000000000c128       0xac CMakeFiles/shield.dir/motion.cpp.obj
                0x000000000000c128                Motion::setMaxSpeed()
 *fill*         0x000000000000c1d4        0x4 
 .text._ZN6Motion11setMinSpeedEv
                0x000000000000c1d8       0xac CMakeFiles/shield.dir/motion.cpp.obj
                0x000000000000c1d8                Motion::setMinSpeed()
 *fill*         0x000000000000c284        0x4 
 .text._ZN6Motion15setAccelerationEv
                0x000000000000c288       0xac CMakeFiles/shield.dir/motion.cpp.obj
                0x000000000000c288                Motion::setAcceleration()
 *fill*         0x000000000000c334        0x4 
 .text._ZN6Motion15setDecelerationEv
                0x000000000000c338       0xac CMakeFiles/shield.dir/motion.cpp.obj
                0x000000000000c338                Motion::setDeceleration()
 .text._ZN6Motion11getAbsoluteEv
                0x000000000000c3e4       0x88 CMakeFiles/shield.dir/motion.cpp.obj
                0x000000000000c3e4                Motion::getAbsolute()
 .text._ZN6Motion3runEcf
                0x000000000000c46c       0x88 CMakeFiles/shield.dir/motion.cpp.obj
                0x000000000000c46c                Motion::run(char, float)
 *fill*         0x000000000000c4f4        0x4 
 .text._ZN6Motion7SpdCalcEf
                0x000000000000c4f8       0x64 CMakeFiles/shield.dir/motion.cpp.obj
                0x000000000000c4f8                Motion::SpdCalc(float)
 .text._ZN6Motion8hardStopEv
                0x000000000000c55c       0x24 CMakeFiles/shield.dir/motion.cpp.obj
                0x000000000000c55c                Motion::hardStop()
 .text._ZN6Motion13resetPositionEv
                0x000000000000c580       0x24 CMakeFiles/shield.dir/motion.cpp.obj
                0x000000000000c580                Motion::resetPosition()
 .text._ZN7optical10readVioletEm
                0x000000000000c5a4       0x1e CMakeFiles/shield.dir/optical.cpp.obj
                0x000000000000c5a4                optical::readViolet(unsigned long)
 .text._ZN7optical8readBlueEm
                0x000000000000c5c2       0x1e CMakeFiles/shield.dir/optical.cpp.obj
                0x000000000000c5c2                optical::readBlue(unsigned long)
 .text._ZN7optical9readGreenEm
                0x000000000000c5e0       0x1e CMakeFiles/shield.dir/optical.cpp.obj
                0x000000000000c5e0                optical::readGreen(unsigned long)
 .text._ZN7optical10readYellowEm
                0x000000000000c5fe       0x1e CMakeFiles/shield.dir/optical.cpp.obj
                0x000000000000c5fe                optical::readYellow(unsigned long)
 .text._ZN7optical10readOrangeEm
                0x000000000000c61c       0x1e CMakeFiles/shield.dir/optical.cpp.obj
                0x000000000000c61c                optical::readOrange(unsigned long)
 .text._ZN7optical7readRedEm
                0x000000000000c63a       0x1e CMakeFiles/shield.dir/optical.cpp.obj
                0x000000000000c63a                optical::readRed(unsigned long)
 .text._ZN7optical13control_setup3getEv
                0x000000000000c658       0x72 CMakeFiles/shield.dir/optical.cpp.obj
                0x000000000000c658                optical::control_setup::get()
 .text._ZN7optical11led_control3getEv
                0x000000000000c6ca       0x58 CMakeFiles/shield.dir/optical.cpp.obj
                0x000000000000c6ca                optical::led_control::get()
 .text._ZN7opticalC2Eh
                0x000000000000c722       0x20 CMakeFiles/shield.dir/optical.cpp.obj
                0x000000000000c722                optical::optical(unsigned char)
                0x000000000000c722                optical::optical(unsigned char)
 *fill*         0x000000000000c742        0x2 
 .text._ZN7optical11initACS7262Em
                0x000000000000c744       0x7c CMakeFiles/shield.dir/optical.cpp.obj
                0x000000000000c744                optical::initACS7262(unsigned long)
 .text._ZN7optical6write8Emhh
                0x000000000000c7c0       0xb8 CMakeFiles/shield.dir/optical.cpp.obj
                0x000000000000c7c0                optical::write8(unsigned long, unsigned char, unsigned char)
 .text._ZN7optical5read8Emh
                0x000000000000c878       0x9c CMakeFiles/shield.dir/optical.cpp.obj
                0x000000000000c878                optical::read8(unsigned long, unsigned char)
 .text._ZN7optical11virtualReadEmh
                0x000000000000c914       0x84 CMakeFiles/shield.dir/optical.cpp.obj
                0x000000000000c914                optical::virtualRead(unsigned long, unsigned char)
 .text._ZN7optical12virtualWriteEmhh
                0x000000000000c998       0x8c CMakeFiles/shield.dir/optical.cpp.obj
                0x000000000000c998                optical::virtualWrite(unsigned long, unsigned char, unsigned char)
 .text._ZN7optical11readChannelEmh
                0x000000000000ca24       0x42 CMakeFiles/shield.dir/optical.cpp.obj
                0x000000000000ca24                optical::readChannel(unsigned long, unsigned char)
 *fill*         0x000000000000ca66        0x2 
 .text._ZN7optical13readRawValuesEmPth
                0x000000000000ca68       0xd8 CMakeFiles/shield.dir/optical.cpp.obj
                0x000000000000ca68                optical::readRawValues(unsigned long, unsigned short*, unsigned char)
 .text._ZN7optical5drvOnEm
                0x000000000000cb40       0x32 CMakeFiles/shield.dir/optical.cpp.obj
                0x000000000000cb40                optical::drvOn(unsigned long)
 .text._ZN7optical6drvOffEm
                0x000000000000cb72       0x32 CMakeFiles/shield.dir/optical.cpp.obj
                0x000000000000cb72                optical::drvOff(unsigned long)
 .text._ZN7optical13setDrvCurrentEmh
                0x000000000000cba4       0x3e CMakeFiles/shield.dir/optical.cpp.obj
                0x000000000000cba4                optical::setDrvCurrent(unsigned long, unsigned char)
 .text._ZN7optical17setConversionTypeEmh
                0x000000000000cbe2       0x3e CMakeFiles/shield.dir/optical.cpp.obj
                0x000000000000cbe2                optical::setConversionType(unsigned long, unsigned char)
 .text._ZN7optical7setGainEmh
                0x000000000000cc20       0x3e CMakeFiles/shield.dir/optical.cpp.obj
                0x000000000000cc20                optical::setGain(unsigned long, unsigned char)
 .text._ZN7optical18setIntegrationTimeEmh
                0x000000000000cc5e       0x28 CMakeFiles/shield.dir/optical.cpp.obj
                0x000000000000cc5e                optical::setIntegrationTime(unsigned long, unsigned char)
 .text._ZN7optical15enableInterruptEm
                0x000000000000cc86       0x32 CMakeFiles/shield.dir/optical.cpp.obj
                0x000000000000cc86                optical::enableInterrupt(unsigned long)
 .text._ZN7optical16startMeasurementEm
                0x000000000000ccb8       0x3c CMakeFiles/shield.dir/optical.cpp.obj
                0x000000000000ccb8                optical::startMeasurement(unsigned long)
 .text._ZL9reset_isrv
                0x000000000000ccf4       0x54 CMakeFiles/shield.dir/startup_gcc.cpp.obj
 .text._ZL6nm_isrv
                0x000000000000cd48       0x10 CMakeFiles/shield.dir/startup_gcc.cpp.obj
 .text._ZL9fault_isrv
                0x000000000000cd58       0x1c CMakeFiles/shield.dir/startup_gcc.cpp.obj
 .text._ZL19default_isr_handlerv
                0x000000000000cd74       0x1c CMakeFiles/shield.dir/startup_gcc.cpp.obj
 .text.__error__
                0x000000000000cd90       0x1c CMakeFiles/shield.dir/utils/uartstdio.c.obj
                0x000000000000cd90                __error__
 .text.UARTStdioConfig
                0x000000000000cdac       0xb8 CMakeFiles/shield.dir/utils/uartstdio.c.obj
                0x000000000000cdac                UARTStdioConfig
 .text.UARTwrite
                0x000000000000ce64       0xa0 CMakeFiles/shield.dir/utils/uartstdio.c.obj
                0x000000000000ce64                UARTwrite
 .text.UARTvprintf
                0x000000000000cf04      0x408 CMakeFiles/shield.dir/utils/uartstdio.c.obj
                0x000000000000cf04                UARTvprintf
 .text.UARTprintf
                0x000000000000d30c       0x24 CMakeFiles/shield.dir/utils/uartstdio.c.obj
                0x000000000000d30c                UARTprintf
 .text          0x000000000000d330      0x378 /usr/local/Cellar/arm-none-eabi-gcc/9-2019-q4-major/gcc/bin/../lib/gcc/arm-none-eabi/9.2.1/thumb/v7e-m+fp/hard/libgcc.a(_arm_addsubdf3.o)
                0x000000000000d330                __aeabi_drsub
                0x000000000000d338                __subdf3
                0x000000000000d338                __aeabi_dsub
                0x000000000000d33c                __aeabi_dadd
                0x000000000000d33c                __adddf3
                0x000000000000d5b4                __aeabi_ui2d
                0x000000000000d5b4                __floatunsidf
                0x000000000000d5d4                __floatsidf
                0x000000000000d5d4                __aeabi_i2d
                0x000000000000d5f8                __extendsfdf2
                0x000000000000d5f8                __aeabi_f2d
                0x000000000000d63c                __aeabi_ul2d
                0x000000000000d63c                __floatundidf
                0x000000000000d64c                __aeabi_l2d
                0x000000000000d64c                __floatdidf
 .text          0x000000000000d6a8      0x424 /usr/local/Cellar/arm-none-eabi-gcc/9-2019-q4-major/gcc/bin/../lib/gcc/arm-none-eabi/9.2.1/thumb/v7e-m+fp/hard/libgcc.a(_arm_muldivdf3.o)
                0x000000000000d6a8                __aeabi_dmul
                0x000000000000d6a8                __muldf3
                0x000000000000d8fc                __aeabi_ddiv
                0x000000000000d8fc                __divdf3
 .text          0x000000000000dacc       0x50 /usr/local/Cellar/arm-none-eabi-gcc/9-2019-q4-major/gcc/bin/../lib/gcc/arm-none-eabi/9.2.1/thumb/v7e-m+fp/hard/libgcc.a(_arm_fixdfsi.o)
                0x000000000000dacc                __fixdfsi
                0x000000000000dacc                __aeabi_d2iz
 .text          0x000000000000db1c       0x40 /usr/local/Cellar/arm-none-eabi-gcc/9-2019-q4-major/gcc/bin/../lib/gcc/arm-none-eabi/9.2.1/thumb/v7e-m+fp/hard/libgcc.a(_arm_fixunsdfsi.o)
                0x000000000000db1c                __fixunsdfsi
                0x000000000000db1c                __aeabi_d2uiz
 .text          0x000000000000db5c       0xa0 /usr/local/Cellar/arm-none-eabi-gcc/9-2019-q4-major/gcc/bin/../lib/gcc/arm-none-eabi/9.2.1/thumb/v7e-m+fp/hard/libgcc.a(_arm_truncdfsf2.o)
                0x000000000000db5c                __aeabi_d2f
                0x000000000000db5c                __truncdfsf2
 .text          0x000000000000dbfc      0x2c4 /usr/local/Cellar/arm-none-eabi-gcc/9-2019-q4-major/gcc/bin/../lib/gcc/arm-none-eabi/9.2.1/thumb/v7e-m+fp/hard/libgcc.a(_udivmoddi4.o)
                0x000000000000dbfc                __udivmoddi4
 .text          0x000000000000dec0        0x4 /usr/local/Cellar/arm-none-eabi-gcc/9-2019-q4-major/gcc/bin/../lib/gcc/arm-none-eabi/9.2.1/thumb/v7e-m+fp/hard/libgcc.a(_dvmd_tls.o)
                0x000000000000dec0                __aeabi_ldiv0
                0x000000000000dec0                __aeabi_idiv0
 .text._ZdlPv   0x000000000000dec4        0x4 /usr/local/Cellar/arm-none-eabi-gcc/9-2019-q4-major/gcc/bin/../lib/gcc/arm-none-eabi/9.2.1/../../../../arm-none-eabi/lib/thumb/v7e-m+fp/hard/libstdc++.a(del_op.o)
                0x000000000000dec4                operator delete(void*)
 .text._Znwj    0x000000000000dec8       0x3c /usr/local/Cellar/arm-none-eabi-gcc/9-2019-q4-major/gcc/bin/../lib/gcc/arm-none-eabi/9.2.1/../../../../arm-none-eabi/lib/thumb/v7e-m+fp/hard/libstdc++.a(new_op.o)
                0x000000000000dec8                operator new(unsigned int)
 .text._ZNKSt9bad_alloc4whatEv
                0x000000000000df04        0x8 /usr/local/Cellar/arm-none-eabi-gcc/9-2019-q4-major/gcc/bin/../lib/gcc/arm-none-eabi/9.2.1/../../../../arm-none-eabi/lib/thumb/v7e-m+fp/hard/libstdc++.a(bad_alloc.o)
                0x000000000000df04                std::bad_alloc::what() const
 .text._ZNSt9bad_allocD2Ev
                0x000000000000df0c       0x14 /usr/local/Cellar/arm-none-eabi-gcc/9-2019-q4-major/gcc/bin/../lib/gcc/arm-none-eabi/9.2.1/../../../../arm-none-eabi/lib/thumb/v7e-m+fp/hard/libstdc++.a(bad_alloc.o)
                0x000000000000df0c                std::bad_alloc::~bad_alloc()
                0x000000000000df0c                std::bad_alloc::~bad_alloc()
 .text._ZNSt9bad_allocD0Ev
                0x000000000000df20       0x1c /usr/local/Cellar/arm-none-eabi-gcc/9-2019-q4-major/gcc/bin/../lib/gcc/arm-none-eabi/9.2.1/../../../../arm-none-eabi/lib/thumb/v7e-m+fp/hard/libstdc++.a(bad_alloc.o)
                0x000000000000df20                std::bad_alloc::~bad_alloc()
 .text._ZdlPvj  0x000000000000df3c        0x4 /usr/local/Cellar/arm-none-eabi-gcc/9-2019-q4-major/gcc/bin/../lib/gcc/arm-none-eabi/9.2.1/../../../../arm-none-eabi/lib/thumb/v7e-m+fp/hard/libstdc++.a(del_ops.o)
                0x000000000000df3c                operator delete(void*, unsigned int)
 .text._ZN12_GLOBAL__N_14pool4freeEPv.constprop.0
                0x000000000000df40       0x8c /usr/local/Cellar/arm-none-eabi-gcc/9-2019-q4-major/gcc/bin/../lib/gcc/arm-none-eabi/9.2.1/../../../../arm-none-eabi/lib/thumb/v7e-m+fp/hard/libstdc++.a(eh_alloc.o)
 .text._ZN12_GLOBAL__N_14pool8allocateEj.constprop.0
                0x000000000000dfcc       0x50 /usr/local/Cellar/arm-none-eabi-gcc/9-2019-q4-major/gcc/bin/../lib/gcc/arm-none-eabi/9.2.1/../../../../arm-none-eabi/lib/thumb/v7e-m+fp/hard/libstdc++.a(eh_alloc.o)
 .text.__cxa_allocate_exception
                0x000000000000e01c       0x30 /usr/local/Cellar/arm-none-eabi-gcc/9-2019-q4-major/gcc/bin/../lib/gcc/arm-none-eabi/9.2.1/../../../../arm-none-eabi/lib/thumb/v7e-m+fp/hard/libstdc++.a(eh_alloc.o)
                0x000000000000e01c                __cxa_allocate_exception
 .text.__cxa_free_exception
                0x000000000000e04c       0x20 /usr/local/Cellar/arm-none-eabi-gcc/9-2019-q4-major/gcc/bin/../lib/gcc/arm-none-eabi/9.2.1/../../../../arm-none-eabi/lib/thumb/v7e-m+fp/hard/libstdc++.a(eh_alloc.o)
                0x000000000000e04c                __cxa_free_exception
 .text._ZNSt9exceptionD2Ev
                0x000000000000e06c        0x4 /usr/local/Cellar/arm-none-eabi-gcc/9-2019-q4-major/gcc/bin/../lib/gcc/arm-none-eabi/9.2.1/../../../../arm-none-eabi/lib/thumb/v7e-m+fp/hard/libstdc++.a(eh_exception.o)
                0x000000000000e06c                std::exception::~exception()
                0x000000000000e06c                std::exception::~exception()
 .text._ZNSt13bad_exceptionD2Ev
                0x000000000000e070        0x4 /usr/local/Cellar/arm-none-eabi-gcc/9-2019-q4-major/gcc/bin/../lib/gcc/arm-none-eabi/9.2.1/../../../../arm-none-eabi/lib/thumb/v7e-m+fp/hard/libstdc++.a(eh_exception.o)
                0x000000000000e070                std::bad_exception::~bad_exception()
                0x000000000000e070                std::bad_exception::~bad_exception()
 .text._ZNKSt13bad_exception4whatEv
                0x000000000000e074        0x8 /usr/local/Cellar/arm-none-eabi-gcc/9-2019-q4-major/gcc/bin/../lib/gcc/arm-none-eabi/9.2.1/../../../../arm-none-eabi/lib/thumb/v7e-m+fp/hard/libstdc++.a(eh_exception.o)
                0x000000000000e074                transaction clone for std::bad_exception::what() const
                0x000000000000e074                std::bad_exception::what() const
 .text._ZNSt13bad_exceptionD0Ev
                0x000000000000e07c       0x10 /usr/local/Cellar/arm-none-eabi-gcc/9-2019-q4-major/gcc/bin/../lib/gcc/arm-none-eabi/9.2.1/../../../../arm-none-eabi/lib/thumb/v7e-m+fp/hard/libstdc++.a(eh_exception.o)
                0x000000000000e07c                std::bad_exception::~bad_exception()
 .text._ZN10__cxxabiv111__terminateEPFvvE
                0x000000000000e08c       0x28 /usr/local/Cellar/arm-none-eabi-gcc/9-2019-q4-major/gcc/bin/../lib/gcc/arm-none-eabi/9.2.1/../../../../arm-none-eabi/lib/thumb/v7e-m+fp/hard/libstdc++.a(eh_terminate.o)
                0x000000000000e08c                __cxxabiv1::__terminate(void (*)())
 .text._ZSt9terminatev
                0x000000000000e0b4       0x14 /usr/local/Cellar/arm-none-eabi-gcc/9-2019-q4-major/gcc/bin/../lib/gcc/arm-none-eabi/9.2.1/../../../../arm-none-eabi/lib/thumb/v7e-m+fp/hard/libstdc++.a(eh_terminate.o)
                0x000000000000e0b4                std::terminate()
 .text._ZN10__cxxabiv112__unexpectedEPFvvE
                0x000000000000e0c8        0x8 /usr/local/Cellar/arm-none-eabi-gcc/9-2019-q4-major/gcc/bin/../lib/gcc/arm-none-eabi/9.2.1/../../../../arm-none-eabi/lib/thumb/v7e-m+fp/hard/libstdc++.a(eh_terminate.o)
                0x000000000000e0c8                __cxxabiv1::__unexpected(void (*)())
 .text._ZSt10unexpectedv
                0x000000000000e0d0       0x14 /usr/local/Cellar/arm-none-eabi-gcc/9-2019-q4-major/gcc/bin/../lib/gcc/arm-none-eabi/9.2.1/../../../../arm-none-eabi/lib/thumb/v7e-m+fp/hard/libstdc++.a(eh_terminate.o)
                0x000000000000e0d0                std::unexpected()
 .text._ZSt13get_terminatev
                0x000000000000e0e4       0x10 /usr/local/Cellar/arm-none-eabi-gcc/9-2019-q4-major/gcc/bin/../lib/gcc/arm-none-eabi/9.2.1/../../../../arm-none-eabi/lib/thumb/v7e-m+fp/hard/libstdc++.a(eh_terminate.o)
                0x000000000000e0e4                std::get_terminate()
 .text._ZSt14get_unexpectedv
                0x000000000000e0f4       0x10 /usr/local/Cellar/arm-none-eabi-gcc/9-2019-q4-major/gcc/bin/../lib/gcc/arm-none-eabi/9.2.1/../../../../arm-none-eabi/lib/thumb/v7e-m+fp/hard/libstdc++.a(eh_terminate.o)
                0x000000000000e0f4                std::get_unexpected()
 .text._ZL23__gxx_exception_cleanup19_Unwind_Reason_CodeP21_Unwind_Control_Block
                0x000000000000e104       0x4c /usr/local/Cellar/arm-none-eabi-gcc/9-2019-q4-major/gcc/bin/../lib/gcc/arm-none-eabi/9.2.1/../../../../arm-none-eabi/lib/thumb/v7e-m+fp/hard/libstdc++.a(eh_throw.o)
 .text.__cxa_init_primary_exception
                0x000000000000e150       0x58 /usr/local/Cellar/arm-none-eabi-gcc/9-2019-q4-major/gcc/bin/../lib/gcc/arm-none-eabi/9.2.1/../../../../arm-none-eabi/lib/thumb/v7e-m+fp/hard/libstdc++.a(eh_throw.o)
                0x000000000000e150                __cxa_init_primary_exception
 .text.__cxa_throw
                0x000000000000e1a8       0x38 /usr/local/Cellar/arm-none-eabi-gcc/9-2019-q4-major/gcc/bin/../lib/gcc/arm-none-eabi/9.2.1/../../../../arm-none-eabi/lib/thumb/v7e-m+fp/hard/libstdc++.a(eh_throw.o)
                0x000000000000e1a8                __cxa_throw
 .text.__cxa_rethrow
                0x000000000000e1e0       0x70 /usr/local/Cellar/arm-none-eabi-gcc/9-2019-q4-major/gcc/bin/../lib/gcc/arm-none-eabi/9.2.1/../../../../arm-none-eabi/lib/thumb/v7e-m+fp/hard/libstdc++.a(eh_throw.o)
                0x000000000000e1e0                __cxa_rethrow
 .text._ZSt15get_new_handlerv
                0x000000000000e250       0x10 /usr/local/Cellar/arm-none-eabi-gcc/9-2019-q4-major/gcc/bin/../lib/gcc/arm-none-eabi/9.2.1/../../../../arm-none-eabi/lib/thumb/v7e-m+fp/hard/libstdc++.a(new_handler.o)
                0x000000000000e250                std::get_new_handler()
 .text._ZN10__cxxabiv120__si_class_type_infoD2Ev
                0x000000000000e260       0x14 /usr/local/Cellar/arm-none-eabi-gcc/9-2019-q4-major/gcc/bin/../lib/gcc/arm-none-eabi/9.2.1/../../../../arm-none-eabi/lib/thumb/v7e-m+fp/hard/libstdc++.a(si_class_type_info.o)
                0x000000000000e260                __cxxabiv1::__si_class_type_info::~__si_class_type_info()
                0x000000000000e260                __cxxabiv1::__si_class_type_info::~__si_class_type_info()
 .text._ZN10__cxxabiv120__si_class_type_infoD0Ev
                0x000000000000e274       0x1c /usr/local/Cellar/arm-none-eabi-gcc/9-2019-q4-major/gcc/bin/../lib/gcc/arm-none-eabi/9.2.1/../../../../arm-none-eabi/lib/thumb/v7e-m+fp/hard/libstdc++.a(si_class_type_info.o)
                0x000000000000e274                __cxxabiv1::__si_class_type_info::~__si_class_type_info()
 .text._ZNK10__cxxabiv120__si_class_type_info20__do_find_public_srcEiPKvPKNS_17__class_type_infoES2_
                0x000000000000e290       0x3c /usr/local/Cellar/arm-none-eabi-gcc/9-2019-q4-major/gcc/bin/../lib/gcc/arm-none-eabi/9.2.1/../../../../arm-none-eabi/lib/thumb/v7e-m+fp/hard/libstdc++.a(si_class_type_info.o)
                0x000000000000e290                __cxxabiv1::__si_class_type_info::__do_find_public_src(int, void const*, __cxxabiv1::__class_type_info const*, void const*) const
 .text._ZNK10__cxxabiv120__si_class_type_info12__do_dyncastEiNS_17__class_type_info10__sub_kindEPKS1_PKvS4_S6_RNS1_16__dyncast_resultE
                0x000000000000e2cc       0x84 /usr/local/Cellar/arm-none-eabi-gcc/9-2019-q4-major/gcc/bin/../lib/gcc/arm-none-eabi/9.2.1/../../../../arm-none-eabi/lib/thumb/v7e-m+fp/hard/libstdc++.a(si_class_type_info.o)
                0x000000000000e2cc                __cxxabiv1::__si_class_type_info::__do_dyncast(int, __cxxabiv1::__class_type_info::__sub_kind, __cxxabiv1::__class_type_info const*, void const*, __cxxabiv1::__class_type_info const*, void const*, __cxxabiv1::__class_type_info::__dyncast_result&) const
 .text._ZNK10__cxxabiv120__si_class_type_info11__do_upcastEPKNS_17__class_type_infoEPKvRNS1_15__upcast_resultE
                0x000000000000e350       0x2c /usr/local/Cellar/arm-none-eabi-gcc/9-2019-q4-major/gcc/bin/../lib/gcc/arm-none-eabi/9.2.1/../../../../arm-none-eabi/lib/thumb/v7e-m+fp/hard/libstdc++.a(si_class_type_info.o)
                0x000000000000e350                __cxxabiv1::__si_class_type_info::__do_upcast(__cxxabiv1::__class_type_info const*, void const*, __cxxabiv1::__class_type_info::__upcast_result&) const
 .text._ZNSt9type_infoD2Ev
                0x000000000000e37c        0x4 /usr/local/Cellar/arm-none-eabi-gcc/9-2019-q4-major/gcc/bin/../lib/gcc/arm-none-eabi/9.2.1/../../../../arm-none-eabi/lib/thumb/v7e-m+fp/hard/libstdc++.a(tinfo.o)
                0x000000000000e37c                std::type_info::~type_info()
                0x000000000000e37c                std::type_info::~type_info()
 .text._ZNKSt9type_info14__is_pointer_pEv
                0x000000000000e380        0x4 /usr/local/Cellar/arm-none-eabi-gcc/9-2019-q4-major/gcc/bin/../lib/gcc/arm-none-eabi/9.2.1/../../../../arm-none-eabi/lib/thumb/v7e-m+fp/hard/libstdc++.a(tinfo.o)
                0x000000000000e380                std::type_info::__is_function_p() const
                0x000000000000e380                std::type_info::__is_pointer_p() const
 .text._ZNKSt9type_infoeqERKS_
                0x000000000000e384       0x2c /usr/local/Cellar/arm-none-eabi-gcc/9-2019-q4-major/gcc/bin/../lib/gcc/arm-none-eabi/9.2.1/../../../../arm-none-eabi/lib/thumb/v7e-m+fp/hard/libstdc++.a(tinfo.o)
                0x000000000000e384                std::type_info::operator==(std::type_info const&) const
 .text._ZN9__gnu_cxx27__verbose_terminate_handlerEv
                0x000000000000e3b0      0x10c /usr/local/Cellar/arm-none-eabi-gcc/9-2019-q4-major/gcc/bin/../lib/gcc/arm-none-eabi/9.2.1/../../../../arm-none-eabi/lib/thumb/v7e-m+fp/hard/libstdc++.a(vterminate.o)
                0x000000000000e3b0                __gnu_cxx::__verbose_terminate_handler()
 .text._ZNK10__cxxabiv117__class_type_info11__do_upcastEPKS0_PPv
                0x000000000000e4bc       0x38 /usr/local/Cellar/arm-none-eabi-gcc/9-2019-q4-major/gcc/bin/../lib/gcc/arm-none-eabi/9.2.1/../../../../arm-none-eabi/lib/thumb/v7e-m+fp/hard/libstdc++.a(class_type_info.o)
                0x000000000000e4bc                __cxxabiv1::__class_type_info::__do_upcast(__cxxabiv1::__class_type_info const*, void**) const
 .text._ZNK10__cxxabiv117__class_type_info20__do_find_public_srcEiPKvPKS0_S2_
                0x000000000000e4f4        0xc /usr/local/Cellar/arm-none-eabi-gcc/9-2019-q4-major/gcc/bin/../lib/gcc/arm-none-eabi/9.2.1/../../../../arm-none-eabi/lib/thumb/v7e-m+fp/hard/libstdc++.a(class_type_info.o)
                0x000000000000e4f4                __cxxabiv1::__class_type_info::__do_find_public_src(int, void const*, __cxxabiv1::__class_type_info const*, void const*) const
 .text._ZN10__cxxabiv117__class_type_infoD2Ev
                0x000000000000e500       0x14 /usr/local/Cellar/arm-none-eabi-gcc/9-2019-q4-major/gcc/bin/../lib/gcc/arm-none-eabi/9.2.1/../../../../arm-none-eabi/lib/thumb/v7e-m+fp/hard/libstdc++.a(class_type_info.o)
                0x000000000000e500                __cxxabiv1::__class_type_info::~__class_type_info()
                0x000000000000e500                __cxxabiv1::__class_type_info::~__class_type_info()
 .text._ZN10__cxxabiv117__class_type_infoD0Ev
                0x000000000000e514       0x1c /usr/local/Cellar/arm-none-eabi-gcc/9-2019-q4-major/gcc/bin/../lib/gcc/arm-none-eabi/9.2.1/../../../../arm-none-eabi/lib/thumb/v7e-m+fp/hard/libstdc++.a(class_type_info.o)
                0x000000000000e514                __cxxabiv1::__class_type_info::~__class_type_info()
 .text._ZNK10__cxxabiv117__class_type_info12__do_dyncastEiNS0_10__sub_kindEPKS0_PKvS3_S5_RNS0_16__dyncast_resultE
                0x000000000000e530       0x44 /usr/local/Cellar/arm-none-eabi-gcc/9-2019-q4-major/gcc/bin/../lib/gcc/arm-none-eabi/9.2.1/../../../../arm-none-eabi/lib/thumb/v7e-m+fp/hard/libstdc++.a(class_type_info.o)
                0x000000000000e530                __cxxabiv1::__class_type_info::__do_dyncast(int, __cxxabiv1::__class_type_info::__sub_kind, __cxxabiv1::__class_type_info const*, void const*, __cxxabiv1::__class_type_info const*, void const*, __cxxabiv1::__class_type_info::__dyncast_result&) const
 .text._ZNK10__cxxabiv117__class_type_info11__do_upcastEPKS0_PKvRNS0_15__upcast_resultE
                0x000000000000e574       0x1c /usr/local/Cellar/arm-none-eabi-gcc/9-2019-q4-major/gcc/bin/../lib/gcc/arm-none-eabi/9.2.1/../../../../arm-none-eabi/lib/thumb/v7e-m+fp/hard/libstdc++.a(class_type_info.o)
                0x000000000000e574                __cxxabiv1::__class_type_info::__do_upcast(__cxxabiv1::__class_type_info const*, void const*, __cxxabiv1::__class_type_info::__upcast_result&) const
 .text._ZNK10__cxxabiv117__class_type_info10__do_catchEPKSt9type_infoPPvj
                0x000000000000e590       0x2c /usr/local/Cellar/arm-none-eabi-gcc/9-2019-q4-major/gcc/bin/../lib/gcc/arm-none-eabi/9.2.1/../../../../arm-none-eabi/lib/thumb/v7e-m+fp/hard/libstdc++.a(class_type_info.o)
                0x000000000000e590                __cxxabiv1::__class_type_info::__do_catch(std::type_info const*, void**, unsigned int) const
 .text          0x000000000000e5bc     0x6ca8 /usr/local/Cellar/arm-none-eabi-gcc/9-2019-q4-major/gcc/bin/../lib/gcc/arm-none-eabi/9.2.1/../../../../arm-none-eabi/lib/thumb/v7e-m+fp/hard/libstdc++.a(cp-demangle.o)
                0x000000000001517c                __cxa_demangle
                0x0000000000015240                __gcclibcxx_demangle_callback
 .text.__cxa_end_cleanup
                0x0000000000015264        0xc /usr/local/Cellar/arm-none-eabi-gcc/9-2019-q4-major/gcc/bin/../lib/gcc/arm-none-eabi/9.2.1/../../../../arm-none-eabi/lib/thumb/v7e-m+fp/hard/libstdc++.a(eh_arm.o)
                0x0000000000015264                __cxa_end_cleanup
 .text.__cxa_type_match
                0x0000000000015270       0xc0 /usr/local/Cellar/arm-none-eabi-gcc/9-2019-q4-major/gcc/bin/../lib/gcc/arm-none-eabi/9.2.1/../../../../arm-none-eabi/lib/thumb/v7e-m+fp/hard/libstdc++.a(eh_arm.o)
                0x0000000000015270                __cxa_type_match
 .text.__cxa_begin_cleanup
                0x0000000000015330       0x64 /usr/local/Cellar/arm-none-eabi-gcc/9-2019-q4-major/gcc/bin/../lib/gcc/arm-none-eabi/9.2.1/../../../../arm-none-eabi/lib/thumb/v7e-m+fp/hard/libstdc++.a(eh_arm.o)
                0x0000000000015330                __cxa_begin_cleanup
 .text.__gnu_end_cleanup
                0x0000000000015394       0x70 /usr/local/Cellar/arm-none-eabi-gcc/9-2019-q4-major/gcc/bin/../lib/gcc/arm-none-eabi/9.2.1/../../../../arm-none-eabi/lib/thumb/v7e-m+fp/hard/libstdc++.a(eh_arm.o)
                0x0000000000015394                __gnu_end_cleanup
 .text._ZN10__cxxabiv1L24__is_gxx_exception_classEPc
                0x0000000000015404       0x3c /usr/local/Cellar/arm-none-eabi-gcc/9-2019-q4-major/gcc/bin/../lib/gcc/arm-none-eabi/9.2.1/../../../../arm-none-eabi/lib/thumb/v7e-m+fp/hard/libstdc++.a(eh_call.o)
 .text.__cxa_call_terminate
                0x0000000000015440       0x20 /usr/local/Cellar/arm-none-eabi-gcc/9-2019-q4-major/gcc/bin/../lib/gcc/arm-none-eabi/9.2.1/../../../../arm-none-eabi/lib/thumb/v7e-m+fp/hard/libstdc++.a(eh_call.o)
                0x0000000000015440                __cxa_call_terminate
 .text.unlikely.__cxa_call_unexpected
                0x0000000000015460       0xf0 /usr/local/Cellar/arm-none-eabi-gcc/9-2019-q4-major/gcc/bin/../lib/gcc/arm-none-eabi/9.2.1/../../../../arm-none-eabi/lib/thumb/v7e-m+fp/hard/libstdc++.a(eh_call.o)
                0x0000000000015460                __cxa_call_unexpected
 .text.__cxa_begin_catch
                0x0000000000015550       0x7c /usr/local/Cellar/arm-none-eabi-gcc/9-2019-q4-major/gcc/bin/../lib/gcc/arm-none-eabi/9.2.1/../../../../arm-none-eabi/lib/thumb/v7e-m+fp/hard/libstdc++.a(eh_catch.o)
                0x0000000000015550                __cxa_begin_catch
 .text.__cxa_end_catch
                0x00000000000155cc       0x88 /usr/local/Cellar/arm-none-eabi-gcc/9-2019-q4-major/gcc/bin/../lib/gcc/arm-none-eabi/9.2.1/../../../../arm-none-eabi/lib/thumb/v7e-m+fp/hard/libstdc++.a(eh_catch.o)
                0x00000000000155cc                __cxa_end_catch
 .text.__cxa_get_globals_fast
                0x0000000000015654        0x8 /usr/local/Cellar/arm-none-eabi-gcc/9-2019-q4-major/gcc/bin/../lib/gcc/arm-none-eabi/9.2.1/../../../../arm-none-eabi/lib/thumb/v7e-m+fp/hard/libstdc++.a(eh_globals.o)
                0x0000000000015654                __cxa_get_globals_fast
 .text.__cxa_get_globals
                0x000000000001565c        0x8 /usr/local/Cellar/arm-none-eabi-gcc/9-2019-q4-major/gcc/bin/../lib/gcc/arm-none-eabi/9.2.1/../../../../arm-none-eabi/lib/thumb/v7e-m+fp/hard/libstdc++.a(eh_globals.o)
                0x000000000001565c                __cxa_get_globals
 .text._ZL28read_encoded_value_with_basehjPKhPj
                0x0000000000015664       0xc8 /usr/local/Cellar/arm-none-eabi-gcc/9-2019-q4-major/gcc/bin/../lib/gcc/arm-none-eabi/9.2.1/../../../../arm-none-eabi/lib/thumb/v7e-m+fp/hard/libstdc++.a(eh_personality.o)
 .text._ZL21base_of_encoded_valuehP15_Unwind_Context
                0x000000000001572c       0x50 /usr/local/Cellar/arm-none-eabi-gcc/9-2019-q4-major/gcc/bin/../lib/gcc/arm-none-eabi/9.2.1/../../../../arm-none-eabi/lib/thumb/v7e-m+fp/hard/libstdc++.a(eh_personality.o)
 .text._ZL17parse_lsda_headerP15_Unwind_ContextPKhP16lsda_header_info
                0x000000000001577c       0x94 /usr/local/Cellar/arm-none-eabi-gcc/9-2019-q4-major/gcc/bin/../lib/gcc/arm-none-eabi/9.2.1/../../../../arm-none-eabi/lib/thumb/v7e-m+fp/hard/libstdc++.a(eh_personality.o)
 .text.__gxx_personality_v0
                0x0000000000015810      0x4a0 /usr/local/Cellar/arm-none-eabi-gcc/9-2019-q4-major/gcc/bin/../lib/gcc/arm-none-eabi/9.2.1/../../../../arm-none-eabi/lib/thumb/v7e-m+fp/hard/libstdc++.a(eh_personality.o)
                0x0000000000015810                __gxx_personality_v0
 .text.__cxa_current_exception_type
                0x0000000000015cb0       0x1c /usr/local/Cellar/arm-none-eabi-gcc/9-2019-q4-major/gcc/bin/../lib/gcc/arm-none-eabi/9.2.1/../../../../arm-none-eabi/lib/thumb/v7e-m+fp/hard/libstdc++.a(eh_type.o)
                0x0000000000015cb0                __cxa_current_exception_type
 .text.ADCIntStatus
                0x0000000000015ccc       0x30 /Users/ketos/workspaces/shield_3/Shield-MCU-3.0_gcc/driverlib/build/libdriver.a(adc.o)
                0x0000000000015ccc                ADCIntStatus
 .text.ADCIntClear
                0x0000000000015cfc        0xa /Users/ketos/workspaces/shield_3/Shield-MCU-3.0_gcc/driverlib/build/libdriver.a(adc.o)
                0x0000000000015cfc                ADCIntClear
 .text.ADCSequenceConfigure
                0x0000000000015d06       0x4a /Users/ketos/workspaces/shield_3/Shield-MCU-3.0_gcc/driverlib/build/libdriver.a(adc.o)
                0x0000000000015d06                ADCSequenceConfigure
 .text.ADCSequenceDataGet
                0x0000000000015d50       0x1e /Users/ketos/workspaces/shield_3/Shield-MCU-3.0_gcc/driverlib/build/libdriver.a(adc.o)
                0x0000000000015d50                ADCSequenceDataGet
 .text.ADCProcessorTrigger
                0x0000000000015d6e       0x18 /Users/ketos/workspaces/shield_3/Shield-MCU-3.0_gcc/driverlib/build/libdriver.a(adc.o)
                0x0000000000015d6e                ADCProcessorTrigger
 .text.ADCReferenceSet
                0x0000000000015d86        0xc /Users/ketos/workspaces/shield_3/Shield-MCU-3.0_gcc/driverlib/build/libdriver.a(adc.o)
                0x0000000000015d86                ADCReferenceSet
 .text.ADCClockConfigSet
                0x0000000000015d92       0x18 /Users/ketos/workspaces/shield_3/Shield-MCU-3.0_gcc/driverlib/build/libdriver.a(adc.o)
                0x0000000000015d92                ADCClockConfigSet
 *fill*         0x0000000000015daa        0x2 
 .text._EEPROMWaitForDone
                0x0000000000015dac       0x10 /Users/ketos/workspaces/shield_3/Shield-MCU-3.0_gcc/driverlib/build/libdriver.a(eeprom.o)
 .text.EEPROMInit
                0x0000000000015dbc       0x3c /Users/ketos/workspaces/shield_3/Shield-MCU-3.0_gcc/driverlib/build/libdriver.a(eeprom.o)
                0x0000000000015dbc                EEPROMInit
 .text.GPIOPadConfigSet
                0x0000000000015df8      0x106 /Users/ketos/workspaces/shield_3/Shield-MCU-3.0_gcc/driverlib/build/libdriver.a(gpio.o)
                0x0000000000015df8                GPIOPadConfigSet
 .text.GPIOIntStatus
                0x0000000000015efe        0xe /Users/ketos/workspaces/shield_3/Shield-MCU-3.0_gcc/driverlib/build/libdriver.a(gpio.o)
                0x0000000000015efe                GPIOIntStatus
 .text.GPIOIntClear
                0x0000000000015f0c        0x6 /Users/ketos/workspaces/shield_3/Shield-MCU-3.0_gcc/driverlib/build/libdriver.a(gpio.o)
                0x0000000000015f0c                GPIOIntClear
 .text.GPIOPinRead
                0x0000000000015f12        0x6 /Users/ketos/workspaces/shield_3/Shield-MCU-3.0_gcc/driverlib/build/libdriver.a(gpio.o)
                0x0000000000015f12                GPIOPinRead
 .text.I2CMasterSlaveAddrSet
                0x0000000000015f18        0x8 /Users/ketos/workspaces/shield_3/Shield-MCU-3.0_gcc/driverlib/build/libdriver.a(i2c.o)
                0x0000000000015f18                I2CMasterSlaveAddrSet
 .text.I2CMasterBusy
                0x0000000000015f20        0x8 /Users/ketos/workspaces/shield_3/Shield-MCU-3.0_gcc/driverlib/build/libdriver.a(i2c.o)
                0x0000000000015f20                I2CMasterBusy
 .text.I2CMasterControl
                0x0000000000015f28        0x4 /Users/ketos/workspaces/shield_3/Shield-MCU-3.0_gcc/driverlib/build/libdriver.a(i2c.o)
                0x0000000000015f28                I2CMasterControl
 .text.I2CMasterDataPut
                0x0000000000015f2c        0x4 /Users/ketos/workspaces/shield_3/Shield-MCU-3.0_gcc/driverlib/build/libdriver.a(i2c.o)
                0x0000000000015f2c                I2CMasterDataPut
 .text.I2CMasterDataGet
                0x0000000000015f30        0x4 /Users/ketos/workspaces/shield_3/Shield-MCU-3.0_gcc/driverlib/build/libdriver.a(i2c.o)
                0x0000000000015f30                I2CMasterDataGet
 .text.I2CMasterGlitchFilterConfigSet
                0x0000000000015f34       0x44 /Users/ketos/workspaces/shield_3/Shield-MCU-3.0_gcc/driverlib/build/libdriver.a(i2c.o)
                0x0000000000015f34                I2CMasterGlitchFilterConfigSet
 .text.IntEnable
                0x0000000000015f78       0x60 /Users/ketos/workspaces/shield_3/Shield-MCU-3.0_gcc/driverlib/build/libdriver.a(interrupt.o)
                0x0000000000015f78                IntEnable
 .text.IntDisable
                0x0000000000015fd8       0x60 /Users/ketos/workspaces/shield_3/Shield-MCU-3.0_gcc/driverlib/build/libdriver.a(interrupt.o)
                0x0000000000015fd8                IntDisable
 .text.SSIDataPut
                0x0000000000016038        0xa /Users/ketos/workspaces/shield_3/Shield-MCU-3.0_gcc/driverlib/build/libdriver.a(ssi.o)
                0x0000000000016038                SSIDataPut
 .text.SSIDataGet
                0x0000000000016042        0xc /Users/ketos/workspaces/shield_3/Shield-MCU-3.0_gcc/driverlib/build/libdriver.a(ssi.o)
                0x0000000000016042                SSIDataGet
 .text.SSIDataGetNonBlocking
                0x000000000001604e       0x12 /Users/ketos/workspaces/shield_3/Shield-MCU-3.0_gcc/driverlib/build/libdriver.a(ssi.o)
                0x000000000001604e                SSIDataGetNonBlocking
 .text._SysCtlMemTimingGet
                0x0000000000016060       0x64 /Users/ketos/workspaces/shield_3/Shield-MCU-3.0_gcc/driverlib/build/libdriver.a(sysctl.o)
 .text.SysCtlPeripheralReady
                0x00000000000160c4       0x24 /Users/ketos/workspaces/shield_3/Shield-MCU-3.0_gcc/driverlib/build/libdriver.a(sysctl.o)
                0x00000000000160c4                SysCtlPeripheralReady
 .text.SysCtlPeripheralReset
                0x00000000000160e8       0x38 /Users/ketos/workspaces/shield_3/Shield-MCU-3.0_gcc/driverlib/build/libdriver.a(sysctl.o)
                0x00000000000160e8                SysCtlPeripheralReset
 .text.SysCtlPeripheralEnable
                0x0000000000016120       0x20 /Users/ketos/workspaces/shield_3/Shield-MCU-3.0_gcc/driverlib/build/libdriver.a(sysctl.o)
                0x0000000000016120                SysCtlPeripheralEnable
 .text.SysCtlPeripheralDisable
                0x0000000000016140       0x20 /Users/ketos/workspaces/shield_3/Shield-MCU-3.0_gcc/driverlib/build/libdriver.a(sysctl.o)
                0x0000000000016140                SysCtlPeripheralDisable
 .text.SysCtlReset
                0x0000000000016160       0x10 /Users/ketos/workspaces/shield_3/Shield-MCU-3.0_gcc/driverlib/build/libdriver.a(sysctl.o)
                0x0000000000016160                SysCtlReset
 .text.SysCtlDelay
                0x0000000000016170        0x8 /Users/ketos/workspaces/shield_3/Shield-MCU-3.0_gcc/driverlib/build/libdriver.a(sysctl.o)
                0x0000000000016170                SysCtlDelay
 .text.SysCtlClockFreqSet
                0x0000000000016178      0x23c /Users/ketos/workspaces/shield_3/Shield-MCU-3.0_gcc/driverlib/build/libdriver.a(sysctl.o)
                0x0000000000016178                SysCtlClockFreqSet
 .text.TimerEnable
                0x00000000000163b4       0x10 /Users/ketos/workspaces/shield_3/Shield-MCU-3.0_gcc/driverlib/build/libdriver.a(timer.o)
                0x00000000000163b4                TimerEnable
 .text.TimerDisable
                0x00000000000163c4       0x12 /Users/ketos/workspaces/shield_3/Shield-MCU-3.0_gcc/driverlib/build/libdriver.a(timer.o)
                0x00000000000163c4                TimerDisable
 *fill*         0x00000000000163d6        0x2 
 .text.TimerConfigure
                0x00000000000163d8       0x5c /Users/ketos/workspaces/shield_3/Shield-MCU-3.0_gcc/driverlib/build/libdriver.a(timer.o)
                0x00000000000163d8                TimerConfigure
 .text.TimerLoadSet
                0x0000000000016434       0x12 /Users/ketos/workspaces/shield_3/Shield-MCU-3.0_gcc/driverlib/build/libdriver.a(timer.o)
                0x0000000000016434                TimerLoadSet
 .text.TimerValueGet
                0x0000000000016446        0xa /Users/ketos/workspaces/shield_3/Shield-MCU-3.0_gcc/driverlib/build/libdriver.a(timer.o)
                0x0000000000016446                TimerValueGet
 .text.TimerIntEnable
                0x0000000000016450        0x8 /Users/ketos/workspaces/shield_3/Shield-MCU-3.0_gcc/driverlib/build/libdriver.a(timer.o)
                0x0000000000016450                TimerIntEnable
 .text.TimerIntDisable
                0x0000000000016458        0xa /Users/ketos/workspaces/shield_3/Shield-MCU-3.0_gcc/driverlib/build/libdriver.a(timer.o)
                0x0000000000016458                TimerIntDisable
 .text.TimerIntClear
                0x0000000000016462        0x4 /Users/ketos/workspaces/shield_3/Shield-MCU-3.0_gcc/driverlib/build/libdriver.a(timer.o)
                0x0000000000016462                TimerIntClear
 *fill*         0x0000000000016466        0x2 
 .text.ceil     0x0000000000016468      0x100 /usr/local/Cellar/arm-none-eabi-gcc/9-2019-q4-major/gcc/bin/../lib/gcc/arm-none-eabi/9.2.1/../../../../arm-none-eabi/lib/thumb/v7e-m+fp/hard/libm.a(lib_a-s_ceil.o)
                0x0000000000016468                ceil
 .text.abort    0x0000000000016568       0x10 /usr/local/Cellar/arm-none-eabi-gcc/9-2019-q4-major/gcc/bin/../lib/gcc/arm-none-eabi/9.2.1/../../../../arm-none-eabi/lib/thumb/v7e-m+fp/hard/libc.a(lib_a-abort.o)
                0x0000000000016568                abort
 .text.atof     0x0000000000016578        0x8 /usr/local/Cellar/arm-none-eabi-gcc/9-2019-q4-major/gcc/bin/../lib/gcc/arm-none-eabi/9.2.1/../../../../arm-none-eabi/lib/thumb/v7e-m+fp/hard/libc.a(lib_a-atof.o)
                0x0000000000016578                atof
 .text.atoi     0x0000000000016580        0x8 /usr/local/Cellar/arm-none-eabi-gcc/9-2019-q4-major/gcc/bin/../lib/gcc/arm-none-eabi/9.2.1/../../../../arm-none-eabi/lib/thumb/v7e-m+fp/hard/libc.a(lib_a-atoi.o)
                0x0000000000016580                atoi
 .text.__errno  0x0000000000016588        0xc /usr/local/Cellar/arm-none-eabi-gcc/9-2019-q4-major/gcc/bin/../lib/gcc/arm-none-eabi/9.2.1/../../../../arm-none-eabi/lib/thumb/v7e-m+fp/hard/libc.a(lib_a-errno.o)
                0x0000000000016588                __errno
 .text.fputc    0x0000000000016594       0x64 /usr/local/Cellar/arm-none-eabi-gcc/9-2019-q4-major/gcc/bin/../lib/gcc/arm-none-eabi/9.2.1/../../../../arm-none-eabi/lib/thumb/v7e-m+fp/hard/libc.a(lib_a-fputc.o)
                0x0000000000016594                fputc
 .text._fputs_r
                0x00000000000165f8       0x88 /usr/local/Cellar/arm-none-eabi-gcc/9-2019-q4-major/gcc/bin/../lib/gcc/arm-none-eabi/9.2.1/../../../../arm-none-eabi/lib/thumb/v7e-m+fp/hard/libc.a(lib_a-fputs.o)
                0x00000000000165f8                _fputs_r
 .text.fputs    0x0000000000016680       0x10 /usr/local/Cellar/arm-none-eabi-gcc/9-2019-q4-major/gcc/bin/../lib/gcc/arm-none-eabi/9.2.1/../../../../arm-none-eabi/lib/thumb/v7e-m+fp/hard/libc.a(lib_a-fputs.o)
                0x0000000000016680                fputs
 .text.__sfvwrite_r
                0x0000000000016690      0x2e0 /usr/local/Cellar/arm-none-eabi-gcc/9-2019-q4-major/gcc/bin/../lib/gcc/arm-none-eabi/9.2.1/../../../../arm-none-eabi/lib/thumb/v7e-m+fp/hard/libc.a(lib_a-fvwrite.o)
                0x0000000000016690                __sfvwrite_r
 .text._fwrite_r
                0x0000000000016970       0xa8 /usr/local/Cellar/arm-none-eabi-gcc/9-2019-q4-major/gcc/bin/../lib/gcc/arm-none-eabi/9.2.1/../../../../arm-none-eabi/lib/thumb/v7e-m+fp/hard/libc.a(lib_a-fwrite.o)
                0x0000000000016970                _fwrite_r
 .text.fwrite   0x0000000000016a18       0x20 /usr/local/Cellar/arm-none-eabi-gcc/9-2019-q4-major/gcc/bin/../lib/gcc/arm-none-eabi/9.2.1/../../../../arm-none-eabi/lib/thumb/v7e-m+fp/hard/libc.a(lib_a-fwrite.o)
                0x0000000000016a18                fwrite
 .text.isspace  0x0000000000016a38       0x10 /usr/local/Cellar/arm-none-eabi-gcc/9-2019-q4-major/gcc/bin/../lib/gcc/arm-none-eabi/9.2.1/../../../../arm-none-eabi/lib/thumb/v7e-m+fp/hard/libc.a(lib_a-isspace.o)
                0x0000000000016a38                isspace
 .text.__retarget_lock_init_recursive
                0x0000000000016a48        0x4 /usr/local/Cellar/arm-none-eabi-gcc/9-2019-q4-major/gcc/bin/../lib/gcc/arm-none-eabi/9.2.1/../../../../arm-none-eabi/lib/thumb/v7e-m+fp/hard/libc.a(lib_a-lock.o)
                0x0000000000016a48                __retarget_lock_init_recursive
 .text.__retarget_lock_close_recursive
                0x0000000000016a4c        0x4 /usr/local/Cellar/arm-none-eabi-gcc/9-2019-q4-major/gcc/bin/../lib/gcc/arm-none-eabi/9.2.1/../../../../arm-none-eabi/lib/thumb/v7e-m+fp/hard/libc.a(lib_a-lock.o)
                0x0000000000016a4c                __retarget_lock_close_recursive
 .text.__retarget_lock_acquire_recursive
                0x0000000000016a50        0x4 /usr/local/Cellar/arm-none-eabi-gcc/9-2019-q4-major/gcc/bin/../lib/gcc/arm-none-eabi/9.2.1/../../../../arm-none-eabi/lib/thumb/v7e-m+fp/hard/libc.a(lib_a-lock.o)
                0x0000000000016a50                __retarget_lock_acquire_recursive
 .text.__retarget_lock_release_recursive
                0x0000000000016a54        0x4 /usr/local/Cellar/arm-none-eabi-gcc/9-2019-q4-major/gcc/bin/../lib/gcc/arm-none-eabi/9.2.1/../../../../arm-none-eabi/lib/thumb/v7e-m+fp/hard/libc.a(lib_a-lock.o)
                0x0000000000016a54                __retarget_lock_release_recursive
 .text.malloc   0x0000000000016a58       0x10 /usr/local/Cellar/arm-none-eabi-gcc/9-2019-q4-major/gcc/bin/../lib/gcc/arm-none-eabi/9.2.1/../../../../arm-none-eabi/lib/thumb/v7e-m+fp/hard/libc.a(lib_a-malloc.o)
                0x0000000000016a58                malloc
 .text.free     0x0000000000016a68       0x10 /usr/local/Cellar/arm-none-eabi-gcc/9-2019-q4-major/gcc/bin/../lib/gcc/arm-none-eabi/9.2.1/../../../../arm-none-eabi/lib/thumb/v7e-m+fp/hard/libc.a(lib_a-malloc.o)
                0x0000000000016a68                free
 .text._malloc_r
                0x0000000000016a78      0x574 /usr/local/Cellar/arm-none-eabi-gcc/9-2019-q4-major/gcc/bin/../lib/gcc/arm-none-eabi/9.2.1/../../../../arm-none-eabi/lib/thumb/v7e-m+fp/hard/libc.a(lib_a-mallocr.o)
                0x0000000000016a78                _malloc_r
 *fill*         0x0000000000016fec        0x4 
 .text          0x0000000000016ff0       0xa0 /usr/local/Cellar/arm-none-eabi-gcc/9-2019-q4-major/gcc/bin/../lib/gcc/arm-none-eabi/9.2.1/../../../../arm-none-eabi/lib/thumb/v7e-m+fp/hard/libc.a(lib_a-memchr.o)
                0x0000000000016ff0                memchr
 .text.memcmp   0x0000000000017090       0x60 /usr/local/Cellar/arm-none-eabi-gcc/9-2019-q4-major/gcc/bin/../lib/gcc/arm-none-eabi/9.2.1/../../../../arm-none-eabi/lib/thumb/v7e-m+fp/hard/libc.a(lib_a-memcmp.o)
                0x0000000000017090                memcmp
 .text          0x00000000000170f0      0x134 /usr/local/Cellar/arm-none-eabi-gcc/9-2019-q4-major/gcc/bin/../lib/gcc/arm-none-eabi/9.2.1/../../../../arm-none-eabi/lib/thumb/v7e-m+fp/hard/libc.a(lib_a-memcpy.o)
                0x00000000000170f0                memcpy
 .text.memmove  0x0000000000017224       0xd8 /usr/local/Cellar/arm-none-eabi-gcc/9-2019-q4-major/gcc/bin/../lib/gcc/arm-none-eabi/9.2.1/../../../../arm-none-eabi/lib/thumb/v7e-m+fp/hard/libc.a(lib_a-memmove.o)
                0x0000000000017224                memmove
 .text.memset   0x00000000000172fc       0xa0 /usr/local/Cellar/arm-none-eabi-gcc/9-2019-q4-major/gcc/bin/../lib/gcc/arm-none-eabi/9.2.1/../../../../arm-none-eabi/lib/thumb/v7e-m+fp/hard/libc.a(lib_a-memset.o)
                0x00000000000172fc                memset
 .text.__malloc_lock
                0x000000000001739c        0xc /usr/local/Cellar/arm-none-eabi-gcc/9-2019-q4-major/gcc/bin/../lib/gcc/arm-none-eabi/9.2.1/../../../../arm-none-eabi/lib/thumb/v7e-m+fp/hard/libc.a(lib_a-mlock.o)
                0x000000000001739c                __malloc_lock
 .text.__malloc_unlock
                0x00000000000173a8        0xc /usr/local/Cellar/arm-none-eabi-gcc/9-2019-q4-major/gcc/bin/../lib/gcc/arm-none-eabi/9.2.1/../../../../arm-none-eabi/lib/thumb/v7e-m+fp/hard/libc.a(lib_a-mlock.o)
                0x00000000000173a8                __malloc_unlock
 .text._putc_r  0x00000000000173b4       0x74 /usr/local/Cellar/arm-none-eabi-gcc/9-2019-q4-major/gcc/bin/../lib/gcc/arm-none-eabi/9.2.1/../../../../arm-none-eabi/lib/thumb/v7e-m+fp/hard/libc.a(lib_a-putc.o)
                0x00000000000173b4                _putc_r
 .text.realloc  0x0000000000017428       0x10 /usr/local/Cellar/arm-none-eabi-gcc/9-2019-q4-major/gcc/bin/../lib/gcc/arm-none-eabi/9.2.1/../../../../arm-none-eabi/lib/thumb/v7e-m+fp/hard/libc.a(lib_a-realloc.o)
                0x0000000000017428                realloc
 .text._realloc_r
                0x0000000000017438      0x3e0 /usr/local/Cellar/arm-none-eabi-gcc/9-2019-q4-major/gcc/bin/../lib/gcc/arm-none-eabi/9.2.1/../../../../arm-none-eabi/lib/thumb/v7e-m+fp/hard/libc.a(lib_a-reallocr.o)
                0x0000000000017438                _realloc_r
 .text._sbrk_r  0x0000000000017818       0x24 /usr/local/Cellar/arm-none-eabi-gcc/9-2019-q4-major/gcc/bin/../lib/gcc/arm-none-eabi/9.2.1/../../../../arm-none-eabi/lib/thumb/v7e-m+fp/hard/libc.a(lib_a-sbrkr.o)
                0x0000000000017818                _sbrk_r
 .text._raise_r
                0x000000000001783c       0x58 /usr/local/Cellar/arm-none-eabi-gcc/9-2019-q4-major/gcc/bin/../lib/gcc/arm-none-eabi/9.2.1/../../../../arm-none-eabi/lib/thumb/v7e-m+fp/hard/libc.a(lib_a-signal.o)
                0x000000000001783c                _raise_r
 .text.raise    0x0000000000017894       0x10 /usr/local/Cellar/arm-none-eabi-gcc/9-2019-q4-major/gcc/bin/../lib/gcc/arm-none-eabi/9.2.1/../../../../arm-none-eabi/lib/thumb/v7e-m+fp/hard/libc.a(lib_a-signal.o)
                0x0000000000017894                raise
 .text._kill_r  0x00000000000178a4       0x2c /usr/local/Cellar/arm-none-eabi-gcc/9-2019-q4-major/gcc/bin/../lib/gcc/arm-none-eabi/9.2.1/../../../../arm-none-eabi/lib/thumb/v7e-m+fp/hard/libc.a(lib_a-signalr.o)
                0x00000000000178a4                _kill_r
 .text._getpid_r
                0x00000000000178d0        0x4 /usr/local/Cellar/arm-none-eabi-gcc/9-2019-q4-major/gcc/bin/../lib/gcc/arm-none-eabi/9.2.1/../../../../arm-none-eabi/lib/thumb/v7e-m+fp/hard/libc.a(lib_a-signalr.o)
                0x00000000000178d0                _getpid_r
 .text.sprintf  0x00000000000178d4       0x44 /usr/local/Cellar/arm-none-eabi-gcc/9-2019-q4-major/gcc/bin/../lib/gcc/arm-none-eabi/9.2.1/../../../../arm-none-eabi/lib/thumb/v7e-m+fp/hard/libc.a(lib_a-sprintf.o)
                0x00000000000178d4                sprintf
 *fill*         0x0000000000017918        0x8 
 .text          0x0000000000017920      0x2dc /usr/local/Cellar/arm-none-eabi-gcc/9-2019-q4-major/gcc/bin/../lib/gcc/arm-none-eabi/9.2.1/../../../../arm-none-eabi/lib/thumb/v7e-m+fp/hard/libc.a(lib_a-strcmp.o)
                0x0000000000017928                strcmp
 .text.strcpy   0x0000000000017bfc       0xbc /usr/local/Cellar/arm-none-eabi-gcc/9-2019-q4-major/gcc/bin/../lib/gcc/arm-none-eabi/9.2.1/../../../../arm-none-eabi/lib/thumb/v7e-m+fp/hard/libc.a(lib_a-strcpy.o)
                0x0000000000017bfc                strcpy
 *fill*         0x0000000000017cb8        0x8 
 .text          0x0000000000017cc0       0xdc /usr/local/Cellar/arm-none-eabi-gcc/9-2019-q4-major/gcc/bin/../lib/gcc/arm-none-eabi/9.2.1/../../../../arm-none-eabi/lib/thumb/v7e-m+fp/hard/libc.a(lib_a-strlen.o)
                0x0000000000017cc0                strlen
 .text.strncmp  0x0000000000017d9c       0x7c /usr/local/Cellar/arm-none-eabi-gcc/9-2019-q4-major/gcc/bin/../lib/gcc/arm-none-eabi/9.2.1/../../../../arm-none-eabi/lib/thumb/v7e-m+fp/hard/libc.a(lib_a-strncmp.o)
                0x0000000000017d9c                strncmp
 .text.sulp     0x0000000000017e18       0x38 /usr/local/Cellar/arm-none-eabi-gcc/9-2019-q4-major/gcc/bin/../lib/gcc/arm-none-eabi/9.2.1/../../../../arm-none-eabi/lib/thumb/v7e-m+fp/hard/libc.a(lib_a-strtod.o)
 .text._strtod_l
                0x0000000000017e50      0xf98 /usr/local/Cellar/arm-none-eabi-gcc/9-2019-q4-major/gcc/bin/../lib/gcc/arm-none-eabi/9.2.1/../../../../arm-none-eabi/lib/thumb/v7e-m+fp/hard/libc.a(lib_a-strtod.o)
                0x0000000000017e50                _strtod_l
 .text.strtod   0x0000000000018de8       0x1c /usr/local/Cellar/arm-none-eabi-gcc/9-2019-q4-major/gcc/bin/../lib/gcc/arm-none-eabi/9.2.1/../../../../arm-none-eabi/lib/thumb/v7e-m+fp/hard/libc.a(lib_a-strtod.o)
                0x0000000000018de8                strtod
 .text._strtol_l.isra.0
                0x0000000000018e04      0x10c /usr/local/Cellar/arm-none-eabi-gcc/9-2019-q4-major/gcc/bin/../lib/gcc/arm-none-eabi/9.2.1/../../../../arm-none-eabi/lib/thumb/v7e-m+fp/hard/libc.a(lib_a-strtol.o)
 .text.strtol   0x0000000000018f10       0x18 /usr/local/Cellar/arm-none-eabi-gcc/9-2019-q4-major/gcc/bin/../lib/gcc/arm-none-eabi/9.2.1/../../../../arm-none-eabi/lib/thumb/v7e-m+fp/hard/libc.a(lib_a-strtol.o)
                0x0000000000018f10                strtol
 .text._svfprintf_r
                0x0000000000018f28     0x1b38 /usr/local/Cellar/arm-none-eabi-gcc/9-2019-q4-major/gcc/bin/../lib/gcc/arm-none-eabi/9.2.1/../../../../arm-none-eabi/lib/thumb/v7e-m+fp/hard/libc.a(lib_a-svfprintf.o)
                0x0000000000018f28                _svfprintf_r
 .text.__swbuf_r
                0x000000000001aa60       0xb0 /usr/local/Cellar/arm-none-eabi-gcc/9-2019-q4-major/gcc/bin/../lib/gcc/arm-none-eabi/9.2.1/../../../../arm-none-eabi/lib/thumb/v7e-m+fp/hard/libc.a(lib_a-wbuf.o)
                0x000000000001aa60                __swbuf_r
 .text._write_r
                0x000000000001ab10       0x2c /usr/local/Cellar/arm-none-eabi-gcc/9-2019-q4-major/gcc/bin/../lib/gcc/arm-none-eabi/9.2.1/../../../../arm-none-eabi/lib/thumb/v7e-m+fp/hard/libc.a(lib_a-writer.o)
                0x000000000001ab10                _write_r
 .text.__swsetup_r
                0x000000000001ab3c       0xd0 /usr/local/Cellar/arm-none-eabi-gcc/9-2019-q4-major/gcc/bin/../lib/gcc/arm-none-eabi/9.2.1/../../../../arm-none-eabi/lib/thumb/v7e-m+fp/hard/libc.a(lib_a-wsetup.o)
                0x000000000001ab3c                __swsetup_r
 .text.quorem   0x000000000001ac0c      0x11c /usr/local/Cellar/arm-none-eabi-gcc/9-2019-q4-major/gcc/bin/../lib/gcc/arm-none-eabi/9.2.1/../../../../arm-none-eabi/lib/thumb/v7e-m+fp/hard/libc.a(lib_a-dtoa.o)
 .text._dtoa_r  0x000000000001ad28      0xeec /usr/local/Cellar/arm-none-eabi-gcc/9-2019-q4-major/gcc/bin/../lib/gcc/arm-none-eabi/9.2.1/../../../../arm-none-eabi/lib/thumb/v7e-m+fp/hard/libc.a(lib_a-dtoa.o)
                0x000000000001ad28                _dtoa_r
 .text.__sflush_r
                0x000000000001bc14      0x130 /usr/local/Cellar/arm-none-eabi-gcc/9-2019-q4-major/gcc/bin/../lib/gcc/arm-none-eabi/9.2.1/../../../../arm-none-eabi/lib/thumb/v7e-m+fp/hard/libc.a(lib_a-fflush.o)
                0x000000000001bc14                __sflush_r
 .text._fflush_r
                0x000000000001bd44       0x5c /usr/local/Cellar/arm-none-eabi-gcc/9-2019-q4-major/gcc/bin/../lib/gcc/arm-none-eabi/9.2.1/../../../../arm-none-eabi/lib/thumb/v7e-m+fp/hard/libc.a(lib_a-fflush.o)
                0x000000000001bd44                _fflush_r
 .text.std      0x000000000001bda0       0x50 /usr/local/Cellar/arm-none-eabi-gcc/9-2019-q4-major/gcc/bin/../lib/gcc/arm-none-eabi/9.2.1/../../../../arm-none-eabi/lib/thumb/v7e-m+fp/hard/libc.a(lib_a-findfp.o)
 .text._cleanup_r
                0x000000000001bdf0        0xc /usr/local/Cellar/arm-none-eabi-gcc/9-2019-q4-major/gcc/bin/../lib/gcc/arm-none-eabi/9.2.1/../../../../arm-none-eabi/lib/thumb/v7e-m+fp/hard/libc.a(lib_a-findfp.o)
                0x000000000001bdf0                _cleanup_r
 .text.__sinit  0x000000000001bdfc       0x54 /usr/local/Cellar/arm-none-eabi-gcc/9-2019-q4-major/gcc/bin/../lib/gcc/arm-none-eabi/9.2.1/../../../../arm-none-eabi/lib/thumb/v7e-m+fp/hard/libc.a(lib_a-findfp.o)
                0x000000000001bdfc                __sinit
 .text.__sfp_lock_acquire
                0x000000000001be50        0xc /usr/local/Cellar/arm-none-eabi-gcc/9-2019-q4-major/gcc/bin/../lib/gcc/arm-none-eabi/9.2.1/../../../../arm-none-eabi/lib/thumb/v7e-m+fp/hard/libc.a(lib_a-findfp.o)
                0x000000000001be50                __sfp_lock_acquire
 .text.__sfp_lock_release
                0x000000000001be5c        0xc /usr/local/Cellar/arm-none-eabi-gcc/9-2019-q4-major/gcc/bin/../lib/gcc/arm-none-eabi/9.2.1/../../../../arm-none-eabi/lib/thumb/v7e-m+fp/hard/libc.a(lib_a-findfp.o)
                0x000000000001be5c                __sfp_lock_release
 .text._malloc_trim_r
                0x000000000001be68       0xa0 /usr/local/Cellar/arm-none-eabi-gcc/9-2019-q4-major/gcc/bin/../lib/gcc/arm-none-eabi/9.2.1/../../../../arm-none-eabi/lib/thumb/v7e-m+fp/hard/libc.a(lib_a-freer.o)
                0x000000000001be68                _malloc_trim_r
 .text._free_r  0x000000000001bf08      0x208 /usr/local/Cellar/arm-none-eabi-gcc/9-2019-q4-major/gcc/bin/../lib/gcc/arm-none-eabi/9.2.1/../../../../arm-none-eabi/lib/thumb/v7e-m+fp/hard/libc.a(lib_a-freer.o)
                0x000000000001bf08                _free_r
 .text._fwalk_reent
                0x000000000001c110       0x48 /usr/local/Cellar/arm-none-eabi-gcc/9-2019-q4-major/gcc/bin/../lib/gcc/arm-none-eabi/9.2.1/../../../../arm-none-eabi/lib/thumb/v7e-m+fp/hard/libc.a(lib_a-fwalk.o)
                0x000000000001c110                _fwalk_reent
 .text.rshift   0x000000000001c158       0xa4 /usr/local/Cellar/arm-none-eabi-gcc/9-2019-q4-major/gcc/bin/../lib/gcc/arm-none-eabi/9.2.1/../../../../arm-none-eabi/lib/thumb/v7e-m+fp/hard/libc.a(lib_a-gdtoa-gethex.o)
 .text.__gethex
                0x000000000001c1fc      0x53c /usr/local/Cellar/arm-none-eabi-gcc/9-2019-q4-major/gcc/bin/../lib/gcc/arm-none-eabi/9.2.1/../../../../arm-none-eabi/lib/thumb/v7e-m+fp/hard/libc.a(lib_a-gdtoa-gethex.o)
                0x000000000001c1fc                __gethex
 .text.__match  0x000000000001c738       0x30 /usr/local/Cellar/arm-none-eabi-gcc/9-2019-q4-major/gcc/bin/../lib/gcc/arm-none-eabi/9.2.1/../../../../arm-none-eabi/lib/thumb/v7e-m+fp/hard/libc.a(lib_a-gdtoa-hexnan.o)
                0x000000000001c738                __match
 .text.__hexnan
                0x000000000001c768      0x1a4 /usr/local/Cellar/arm-none-eabi-gcc/9-2019-q4-major/gcc/bin/../lib/gcc/arm-none-eabi/9.2.1/../../../../arm-none-eabi/lib/thumb/v7e-m+fp/hard/libc.a(lib_a-gdtoa-hexnan.o)
                0x000000000001c768                __hexnan
 .text._localeconv_r
                0x000000000001c90c        0x8 /usr/local/Cellar/arm-none-eabi-gcc/9-2019-q4-major/gcc/bin/../lib/gcc/arm-none-eabi/9.2.1/../../../../arm-none-eabi/lib/thumb/v7e-m+fp/hard/libc.a(lib_a-localeconv.o)
                0x000000000001c90c                _localeconv_r
 .text.__swhatbuf_r
                0x000000000001c914       0x5c /usr/local/Cellar/arm-none-eabi-gcc/9-2019-q4-major/gcc/bin/../lib/gcc/arm-none-eabi/9.2.1/../../../../arm-none-eabi/lib/thumb/v7e-m+fp/hard/libc.a(lib_a-makebuf.o)
                0x000000000001c914                __swhatbuf_r
 .text.__smakebuf_r
                0x000000000001c970       0x98 /usr/local/Cellar/arm-none-eabi-gcc/9-2019-q4-major/gcc/bin/../lib/gcc/arm-none-eabi/9.2.1/../../../../arm-none-eabi/lib/thumb/v7e-m+fp/hard/libc.a(lib_a-makebuf.o)
                0x000000000001c970                __smakebuf_r
 .text.__ascii_mbtowc
                0x000000000001ca08       0x2c /usr/local/Cellar/arm-none-eabi-gcc/9-2019-q4-major/gcc/bin/../lib/gcc/arm-none-eabi/9.2.1/../../../../arm-none-eabi/lib/thumb/v7e-m+fp/hard/libc.a(lib_a-mbtowc_r.o)
                0x000000000001ca08                __ascii_mbtowc
 .text._Balloc  0x000000000001ca34       0x4c /usr/local/Cellar/arm-none-eabi-gcc/9-2019-q4-major/gcc/bin/../lib/gcc/arm-none-eabi/9.2.1/../../../../arm-none-eabi/lib/thumb/v7e-m+fp/hard/libc.a(lib_a-mprec.o)
                0x000000000001ca34                _Balloc
 .text._Bfree   0x000000000001ca80       0x14 /usr/local/Cellar/arm-none-eabi-gcc/9-2019-q4-major/gcc/bin/../lib/gcc/arm-none-eabi/9.2.1/../../../../arm-none-eabi/lib/thumb/v7e-m+fp/hard/libc.a(lib_a-mprec.o)
                0x000000000001ca80                _Bfree
 .text.__multadd
                0x000000000001ca94       0x8c /usr/local/Cellar/arm-none-eabi-gcc/9-2019-q4-major/gcc/bin/../lib/gcc/arm-none-eabi/9.2.1/../../../../arm-none-eabi/lib/thumb/v7e-m+fp/hard/libc.a(lib_a-mprec.o)
                0x000000000001ca94                __multadd
 .text.__s2b    0x000000000001cb20       0xa0 /usr/local/Cellar/arm-none-eabi-gcc/9-2019-q4-major/gcc/bin/../lib/gcc/arm-none-eabi/9.2.1/../../../../arm-none-eabi/lib/thumb/v7e-m+fp/hard/libc.a(lib_a-mprec.o)
                0x000000000001cb20                __s2b
 .text.__hi0bits
                0x000000000001cbc0       0x40 /usr/local/Cellar/arm-none-eabi-gcc/9-2019-q4-major/gcc/bin/../lib/gcc/arm-none-eabi/9.2.1/../../../../arm-none-eabi/lib/thumb/v7e-m+fp/hard/libc.a(lib_a-mprec.o)
                0x000000000001cbc0                __hi0bits
 .text.__lo0bits
                0x000000000001cc00       0x60 /usr/local/Cellar/arm-none-eabi-gcc/9-2019-q4-major/gcc/bin/../lib/gcc/arm-none-eabi/9.2.1/../../../../arm-none-eabi/lib/thumb/v7e-m+fp/hard/libc.a(lib_a-mprec.o)
                0x000000000001cc00                __lo0bits
 .text.__i2b    0x000000000001cc60       0x14 /usr/local/Cellar/arm-none-eabi-gcc/9-2019-q4-major/gcc/bin/../lib/gcc/arm-none-eabi/9.2.1/../../../../arm-none-eabi/lib/thumb/v7e-m+fp/hard/libc.a(lib_a-mprec.o)
                0x000000000001cc60                __i2b
 .text.__multiply
                0x000000000001cc74      0x144 /usr/local/Cellar/arm-none-eabi-gcc/9-2019-q4-major/gcc/bin/../lib/gcc/arm-none-eabi/9.2.1/../../../../arm-none-eabi/lib/thumb/v7e-m+fp/hard/libc.a(lib_a-mprec.o)
                0x000000000001cc74                __multiply
 .text.__pow5mult
                0x000000000001cdb8       0xa0 /usr/local/Cellar/arm-none-eabi-gcc/9-2019-q4-major/gcc/bin/../lib/gcc/arm-none-eabi/9.2.1/../../../../arm-none-eabi/lib/thumb/v7e-m+fp/hard/libc.a(lib_a-mprec.o)
                0x000000000001cdb8                __pow5mult
 .text.__lshift
                0x000000000001ce58       0xd4 /usr/local/Cellar/arm-none-eabi-gcc/9-2019-q4-major/gcc/bin/../lib/gcc/arm-none-eabi/9.2.1/../../../../arm-none-eabi/lib/thumb/v7e-m+fp/hard/libc.a(lib_a-mprec.o)
                0x000000000001ce58                __lshift
 .text.__mcmp   0x000000000001cf2c       0x3c /usr/local/Cellar/arm-none-eabi-gcc/9-2019-q4-major/gcc/bin/../lib/gcc/arm-none-eabi/9.2.1/../../../../arm-none-eabi/lib/thumb/v7e-m+fp/hard/libc.a(lib_a-mprec.o)
                0x000000000001cf2c                __mcmp
 .text.__mdiff  0x000000000001cf68      0x138 /usr/local/Cellar/arm-none-eabi-gcc/9-2019-q4-major/gcc/bin/../lib/gcc/arm-none-eabi/9.2.1/../../../../arm-none-eabi/lib/thumb/v7e-m+fp/hard/libc.a(lib_a-mprec.o)
                0x000000000001cf68                __mdiff
 .text.__ulp    0x000000000001d0a0       0x60 /usr/local/Cellar/arm-none-eabi-gcc/9-2019-q4-major/gcc/bin/../lib/gcc/arm-none-eabi/9.2.1/../../../../arm-none-eabi/lib/thumb/v7e-m+fp/hard/libc.a(lib_a-mprec.o)
                0x000000000001d0a0                __ulp
 .text.__b2d    0x000000000001d100       0xc4 /usr/local/Cellar/arm-none-eabi-gcc/9-2019-q4-major/gcc/bin/../lib/gcc/arm-none-eabi/9.2.1/../../../../arm-none-eabi/lib/thumb/v7e-m+fp/hard/libc.a(lib_a-mprec.o)
                0x000000000001d100                __b2d
 .text.__d2b    0x000000000001d1c4       0xbc /usr/local/Cellar/arm-none-eabi-gcc/9-2019-q4-major/gcc/bin/../lib/gcc/arm-none-eabi/9.2.1/../../../../arm-none-eabi/lib/thumb/v7e-m+fp/hard/libc.a(lib_a-mprec.o)
                0x000000000001d1c4                __d2b
 .text.__ratio  0x000000000001d280       0x5c /usr/local/Cellar/arm-none-eabi-gcc/9-2019-q4-major/gcc/bin/../lib/gcc/arm-none-eabi/9.2.1/../../../../arm-none-eabi/lib/thumb/v7e-m+fp/hard/libc.a(lib_a-mprec.o)
                0x000000000001d280                __ratio
 .text.__copybits
                0x000000000001d2dc       0x48 /usr/local/Cellar/arm-none-eabi-gcc/9-2019-q4-major/gcc/bin/../lib/gcc/arm-none-eabi/9.2.1/../../../../arm-none-eabi/lib/thumb/v7e-m+fp/hard/libc.a(lib_a-mprec.o)
                0x000000000001d2dc                __copybits
 .text.__any_on
                0x000000000001d324       0x64 /usr/local/Cellar/arm-none-eabi-gcc/9-2019-q4-major/gcc/bin/../lib/gcc/arm-none-eabi/9.2.1/../../../../arm-none-eabi/lib/thumb/v7e-m+fp/hard/libc.a(lib_a-mprec.o)
                0x000000000001d324                __any_on
 .text.frexp    0x000000000001d388       0x6c /usr/local/Cellar/arm-none-eabi-gcc/9-2019-q4-major/gcc/bin/../lib/gcc/arm-none-eabi/9.2.1/../../../../arm-none-eabi/lib/thumb/v7e-m+fp/hard/libc.a(lib_a-s_frexp.o)
                0x000000000001d388                frexp
 *fill*         0x000000000001d3f4        0x4 
 .text.nan      0x000000000001d3f8       0x10 /usr/local/Cellar/arm-none-eabi-gcc/9-2019-q4-major/gcc/bin/../lib/gcc/arm-none-eabi/9.2.1/../../../../arm-none-eabi/lib/thumb/v7e-m+fp/hard/libc.a(lib_a-s_nan.o)
                0x000000000001d3f8                nan
 .text.__sread  0x000000000001d408       0x24 /usr/local/Cellar/arm-none-eabi-gcc/9-2019-q4-major/gcc/bin/../lib/gcc/arm-none-eabi/9.2.1/../../../../arm-none-eabi/lib/thumb/v7e-m+fp/hard/libc.a(lib_a-stdio.o)
                0x000000000001d408                __sread
 .text.__swrite
                0x000000000001d42c       0x40 /usr/local/Cellar/arm-none-eabi-gcc/9-2019-q4-major/gcc/bin/../lib/gcc/arm-none-eabi/9.2.1/../../../../arm-none-eabi/lib/thumb/v7e-m+fp/hard/libc.a(lib_a-stdio.o)
                0x000000000001d42c                __swrite
 .text.__sseek  0x000000000001d46c       0x20 /usr/local/Cellar/arm-none-eabi-gcc/9-2019-q4-major/gcc/bin/../lib/gcc/arm-none-eabi/9.2.1/../../../../arm-none-eabi/lib/thumb/v7e-m+fp/hard/libc.a(lib_a-stdio.o)
                0x000000000001d46c                __sseek
 .text.__sclose
                0x000000000001d48c        0x8 /usr/local/Cellar/arm-none-eabi-gcc/9-2019-q4-major/gcc/bin/../lib/gcc/arm-none-eabi/9.2.1/../../../../arm-none-eabi/lib/thumb/v7e-m+fp/hard/libc.a(lib_a-stdio.o)
                0x000000000001d48c                __sclose
 .text.strncpy  0x000000000001d494       0x68 /usr/local/Cellar/arm-none-eabi-gcc/9-2019-q4-major/gcc/bin/../lib/gcc/arm-none-eabi/9.2.1/../../../../arm-none-eabi/lib/thumb/v7e-m+fp/hard/libc.a(lib_a-strncpy.o)
                0x000000000001d494                strncpy
 .text.__ssprint_r
                0x000000000001d4fc       0xf8 /usr/local/Cellar/arm-none-eabi-gcc/9-2019-q4-major/gcc/bin/../lib/gcc/arm-none-eabi/9.2.1/../../../../arm-none-eabi/lib/thumb/v7e-m+fp/hard/libc.a(lib_a-svfiprintf.o)
                0x000000000001d4fc                __ssprint_r
 .text.__ascii_wctomb
                0x000000000001d5f4       0x1c /usr/local/Cellar/arm-none-eabi-gcc/9-2019-q4-major/gcc/bin/../lib/gcc/arm-none-eabi/9.2.1/../../../../arm-none-eabi/lib/thumb/v7e-m+fp/hard/libc.a(lib_a-wctomb_r.o)
                0x000000000001d5f4                __ascii_wctomb
 .text._calloc_r
                0x000000000001d610       0x60 /usr/local/Cellar/arm-none-eabi-gcc/9-2019-q4-major/gcc/bin/../lib/gcc/arm-none-eabi/9.2.1/../../../../arm-none-eabi/lib/thumb/v7e-m+fp/hard/libc.a(lib_a-callocr.o)
                0x000000000001d610                _calloc_r
 .text._close_r
                0x000000000001d670       0x24 /usr/local/Cellar/arm-none-eabi-gcc/9-2019-q4-major/gcc/bin/../lib/gcc/arm-none-eabi/9.2.1/../../../../arm-none-eabi/lib/thumb/v7e-m+fp/hard/libc.a(lib_a-closer.o)
                0x000000000001d670                _close_r
 .text._fclose_r
                0x000000000001d694       0xcc /usr/local/Cellar/arm-none-eabi-gcc/9-2019-q4-major/gcc/bin/../lib/gcc/arm-none-eabi/9.2.1/../../../../arm-none-eabi/lib/thumb/v7e-m+fp/hard/libc.a(lib_a-fclose.o)
                0x000000000001d694                _fclose_r
 .text._fstat_r
                0x000000000001d760       0x2c /usr/local/Cellar/arm-none-eabi-gcc/9-2019-q4-major/gcc/bin/../lib/gcc/arm-none-eabi/9.2.1/../../../../arm-none-eabi/lib/thumb/v7e-m+fp/hard/libc.a(lib_a-fstatr.o)
                0x000000000001d760                _fstat_r
 .text._isatty_r
                0x000000000001d78c       0x24 /usr/local/Cellar/arm-none-eabi-gcc/9-2019-q4-major/gcc/bin/../lib/gcc/arm-none-eabi/9.2.1/../../../../arm-none-eabi/lib/thumb/v7e-m+fp/hard/libc.a(lib_a-isattyr.o)
                0x000000000001d78c                _isatty_r
 .text._lseek_r